#-----------------------------------------------------------
# Vivado v2023.2 (64-bit)
# SW Build 4029153 on Fri Oct 13 20:14:34 MDT 2023
# IP Build 4028589 on Sat Oct 14 00:45:43 MDT 2023
# SharedData Build 4025554 on Tue Oct 10 17:18:54 MDT 2023
# Start of session at: Sun Jul  6 16:06:39 2025
# Process ID: 49536
# Current directory: E:/Document_HH/ECE370/lab4
# Command line: vivado.exe -gui_launcher_event rodinguilauncherevent48836 E:\Document_HH\ECE370\lab4\lab4.xpr
# Log file: E:/Document_HH/ECE370/lab4/vivado.log
# Journal file: E:/Document_HH/ECE370/lab4\vivado.jou
# Running On: LAPTOP-5EVVVS7M, OS: Windows, CPU Frequency: 2995 MHz, CPU Physical cores: 14, Host memory: 33968 MB
#-----------------------------------------------------------
start_gui
open_project E:/Document_HH/ECE370/lab4/lab4.xpr
WARNING: [Board 49-26] cannot add Board Part xilinx.com:vek280_es:part0:1.0 available at E:/Downloads/Xinlix/Vivado/2023.2/data/xhub/boards/XilinxBoardStore/boards/Xilinx/vek280/es/rev_a/1.0/board.xml as part xcve2802-vsvh1760-2lp-e-s-es1 specified in board_part file is either invalid or not available
WARNING: [Board 49-26] cannot add Board Part xilinx.com:vek280_es:part0:1.1 available at E:/Downloads/Xinlix/Vivado/2023.2/data/xhub/boards/XilinxBoardStore/boards/Xilinx/vek280/es/rev_a/1.1/board.xml as part xcve2802-vsvh1760-2lp-e-s-es1 specified in board_part file is either invalid or not available
WARNING: [Board 49-26] cannot add Board Part xilinx.com:vek280_es_revb:part0:1.0 available at E:/Downloads/Xinlix/Vivado/2023.2/data/xhub/boards/XilinxBoardStore/boards/Xilinx/vek280/es/rev_b/1.0/board.xml as part xcve2802-vsvh1760-2mp-e-s-es1 specified in board_part file is either invalid or not available
WARNING: [Board 49-26] cannot add Board Part xilinx.com:vek280_es_revb:part0:1.1 available at E:/Downloads/Xinlix/Vivado/2023.2/data/xhub/boards/XilinxBoardStore/boards/Xilinx/vek280/es/rev_b/1.1/board.xml as part xcve2802-vsvh1760-2mp-e-s-es1 specified in board_part file is either invalid or not available
WARNING: [Board 49-26] cannot add Board Part xilinx.com:vhk158_es:part0:1.0 available at E:/Downloads/Xinlix/Vivado/2023.2/data/xhub/boards/XilinxBoardStore/boards/Xilinx/vhk158/es/1.0/board.xml as part xcvh1582-vsva3697-2mp-e-s-es1 specified in board_part file is either invalid or not available
WARNING: [Board 49-26] cannot add Board Part xilinx.com:vhk158_es:part0:1.1 available at E:/Downloads/Xinlix/Vivado/2023.2/data/xhub/boards/XilinxBoardStore/boards/Xilinx/vhk158/es/1.1/board.xml as part xcvh1582-vsva3697-2mp-e-s-es1 specified in board_part file is either invalid or not available
WARNING: [Board 49-26] cannot add Board Part xilinx.com:zcu208ld:part0:2.0 available at E:/Downloads/Xinlix/Vivado/2023.2/data/xhub/boards/XilinxBoardStore/boards/Xilinx/zcu208ld/production/2.0/board.xml as part xczu58dr-fsvg1517-2-i specified in board_part file is either invalid or not available
WARNING: [Board 49-26] cannot add Board Part xilinx.com:zcu216ld:part0:2.0 available at E:/Downloads/Xinlix/Vivado/2023.2/data/xhub/boards/XilinxBoardStore/boards/Xilinx/zcu216ld/production/2.0/board.xml as part xczu59dr-ffvf1760-2-i specified in board_part file is either invalid or not available
WARNING: [Board 49-26] cannot add Board Part xilinx.com:zcu670:part0:2.0 available at E:/Downloads/Xinlix/Vivado/2023.2/data/xhub/boards/XilinxBoardStore/boards/Xilinx/zcu670/2.0/board.xml as part xczu67dr-fsve1156-2-i specified in board_part file is either invalid or not available
WARNING: [Board 49-26] cannot add Board Part xilinx.com:zcu670ld:part0:1.0 available at E:/Downloads/Xinlix/Vivado/2023.2/data/xhub/boards/XilinxBoardStore/boards/Xilinx/zcu670ld/1.0/board.xml as part xczu57dr-fsve1156-2-i specified in board_part file is either invalid or not available
INFO: [filemgmt 56-3] Default IP Output Path : Could not find the directory 'E:/Document_HH/ECE370/lab4/lab4.gen/sources_1'.
CRITICAL WARNING: [Project 1-19] Could not find the file 'E:/Document_HH/ECE370/lab4/lab4.srcs/sim_1/new/tb_new.v'.
Scanning sources...
Finished scanning sources
INFO: [IP_Flow 19-234] Refreshing IP repositories
INFO: [IP_Flow 19-1704] No user IP repositories specified
INFO: [IP_Flow 19-2313] Loaded Vivado IP repository 'E:/Downloads/Xinlix/Vivado/2023.2/data/ip'.
open_project: Time (s): cpu = 00:00:03 ; elapsed = 00:00:07 . Memory (MB): peak = 2056.559 ; gain = 323.957
update_compile_order -fileset sources_1
launch_simulation
Command: launch_simulation 
INFO: [Vivado 12-12493] Simulation top is 'register_correct_test'
WARNING: [Vivado 12-13340] Unable to auto find GCC executables from simulator install path! (path not set)
INFO: [Vivado 12-5682] Launching behavioral simulation in 'E:/Document_HH/ECE370/lab4/lab4.sim/sim_1/behav/xsim'
INFO: [SIM-utils-51] Simulation object is 'sim_1'
INFO: [SIM-utils-72] Using boost library from 'E:/Downloads/Xinlix/Vivado/2023.2/tps/boost_1_72_0'
INFO: [SIM-utils-54] Inspecting design source files for 'register_correct_test' in fileset 'sim_1'...
INFO: [USF-XSim-97] Finding global include files...
INFO: [USF-XSim-98] Fetching design files from 'sim_1'...
INFO: [USF-XSim-2] XSim::Compile design
INFO: [USF-XSim-61] Executing 'COMPILE and ANALYZE' step in 'E:/Document_HH/ECE370/lab4/lab4.sim/sim_1/behav/xsim'
"xvlog --incr --relax -prj register_correct_test_vlog.prj"
INFO: [VRFC 10-2263] Analyzing Verilog file "E:/Document_HH/ECE370/lab4/lab4.srcs/sources_1/new/ALU.v" into library xil_defaultlib
INFO: [VRFC 10-311] analyzing module ALU
INFO: [VRFC 10-2263] Analyzing Verilog file "E:/Document_HH/ECE370/lab4/lab4.srcs/sources_1/new/ALU_Control.v" into library xil_defaultlib
INFO: [VRFC 10-311] analyzing module ALU_control
INFO: [VRFC 10-2263] Analyzing Verilog file "E:/Document_HH/ECE370/lab4/lab4.srcs/sources_1/new/AddSum.v" into library xil_defaultlib
INFO: [VRFC 10-311] analyzing module AddSum
INFO: [VRFC 10-2263] Analyzing Verilog file "E:/Document_HH/ECE370/lab4/lab4.srcs/sources_1/new/Control.v" into library xil_defaultlib
INFO: [VRFC 10-311] analyzing module Control_instruction_1_6
INFO: [VRFC 10-2263] Analyzing Verilog file "E:/Document_HH/ECE370/lab4/lab4.srcs/sources_1/new/Control_hazard.v" into library xil_defaultlib
INFO: [VRFC 10-311] analyzing module Control_Hazard
INFO: [VRFC 10-2263] Analyzing Verilog file "E:/Document_HH/ECE370/lab4/lab4.srcs/sources_1/new/Data_memory.v" into library xil_defaultlib
INFO: [VRFC 10-311] analyzing module DataMemory
INFO: [VRFC 10-311] analyzing module LW_SW_Hazard
INFO: [VRFC 10-2263] Analyzing Verilog file "E:/Document_HH/ECE370/lab4/lab4.srcs/sources_1/new/EX_MEM.v" into library xil_defaultlib
INFO: [VRFC 10-311] analyzing module Reg_Ex_Mem
INFO: [VRFC 10-2263] Analyzing Verilog file "E:/Document_HH/ECE370/lab4/lab4.srcs/sources_1/new/Forwarding_unit.v" into library xil_defaultlib
INFO: [VRFC 10-311] analyzing module Forwarding_unit
INFO: [VRFC 10-2263] Analyzing Verilog file "E:/Document_HH/ECE370/lab4/lab4.srcs/sources_1/new/ID_EX_REG.v" into library xil_defaultlib
INFO: [VRFC 10-311] analyzing module ID_EX_REG
INFO: [VRFC 10-2263] Analyzing Verilog file "E:/Document_HH/ECE370/lab4/lab4.srcs/sources_1/new/IF_ID_REG_fixed.v" into library xil_defaultlib
INFO: [VRFC 10-311] analyzing module IF_ID_stateReg
INFO: [VRFC 10-2263] Analyzing Verilog file "E:/Document_HH/ECE370/lab4/lab4.srcs/sources_1/new/ImmGen.v" into library xil_defaultlib
INFO: [VRFC 10-311] analyzing module ImmGen
INFO: [VRFC 10-2263] Analyzing Verilog file "E:/Document_HH/ECE370/lab4/lab4.srcs/sources_1/new/Instruction_Memory.v" into library xil_defaultlib
INFO: [VRFC 10-311] analyzing module InstructionMemory
WARNING: [VRFC 10-8884] decimal constant 000000010100000000000000111011111 should be smaller than 2147483648; using 1193141543 instead [E:/Document_HH/ECE370/lab4/lab4.srcs/sources_1/new/Instruction_Memory.v:11]
INFO: [VRFC 10-2263] Analyzing Verilog file "E:/Document_HH/ECE370/lab4/lab4.srcs/sources_1/new/Load_Hazard_control.v" into library xil_defaultlib
INFO: [VRFC 10-311] analyzing module Data_Hazard_Control
INFO: [VRFC 10-2263] Analyzing Verilog file "E:/Document_HH/ECE370/lab4/lab4.srcs/sources_1/new/MEM_WB.v" into library xil_defaultlib
INFO: [VRFC 10-311] analyzing module MEM_WB_Reg
INFO: [VRFC 10-2263] Analyzing Verilog file "E:/Document_HH/ECE370/lab4/lab4.srcs/sources_1/new/Memory_Address_Hazard.v" into library xil_defaultlib
INFO: [VRFC 10-311] analyzing module Memory_Address_Hazard
INFO: [VRFC 10-2263] Analyzing Verilog file "E:/Document_HH/ECE370/lab4/lab4.srcs/sources_1/new/Mux.v" into library xil_defaultlib
INFO: [VRFC 10-311] analyzing module mux
INFO: [VRFC 10-311] analyzing module Mux_double
INFO: [VRFC 10-2263] Analyzing Verilog file "E:/Document_HH/ECE370/lab4/lab4.srcs/sources_1/new/PipelineProcessor.v" into library xil_defaultlib
INFO: [VRFC 10-311] analyzing module PipelineProcessor
WARNING: [VRFC 10-2938] 'rs1_data_raw' is already implicitly declared on line 176 [E:/Document_HH/ECE370/lab4/lab4.srcs/sources_1/new/PipelineProcessor.v:182]
INFO: [VRFC 10-2263] Analyzing Verilog file "E:/Document_HH/ECE370/lab4/lab4.srcs/sources_1/new/Registers.v" into library xil_defaultlib
INFO: [VRFC 10-311] analyzing module RegFile
INFO: [VRFC 10-311] analyzing module satisfy_branch
INFO: [VRFC 10-2263] Analyzing Verilog file "E:/Document_HH/ECE370/lab4/lab4.srcs/sim_1/new/register_correct_test.v" into library xil_defaultlib
INFO: [VRFC 10-311] analyzing module register_correct_test
INFO: [USF-XSim-69] 'compile' step finished in '3' seconds
INFO: [USF-XSim-3] XSim::Elaborate design
INFO: [USF-XSim-61] Executing 'ELABORATE' step in 'E:/Document_HH/ECE370/lab4/lab4.sim/sim_1/behav/xsim'
"xelab --incr --debug typical --relax --mt 2 -L xil_defaultlib -L unisims_ver -L unimacro_ver -L secureip --snapshot register_correct_test_behav xil_defaultlib.register_correct_test xil_defaultlib.glbl -log elaborate.log"
Vivado Simulator v2023.2
Copyright 1986-2022 Xilinx, Inc. All Rights Reserved.
Copyright 2022-2023 Advanced Micro Devices, Inc. All Rights Reserved.
Running: E:/Downloads/Xinlix/Vivado/2023.2/bin/unwrapped/win64.o/xelab.exe --incr --debug typical --relax --mt 2 -L xil_defaultlib -L unisims_ver -L unimacro_ver -L secureip --snapshot register_correct_test_behav xil_defaultlib.register_correct_test xil_defaultlib.glbl -log elaborate.log 
Using 2 slave threads.
Starting static elaboration
Pass Through NonSizing Optimizer
Completed static elaboration
Starting simulation data flow analysis
WARNING: [XSIM 43-4099] "E:/Document_HH/ECE370/lab4/lab4.srcs/sources_1/new/ALU.v" Line 1. Module ALU doesn't have a timescale but at least one module in design has a timescale.
WARNING: [XSIM 43-4099] "E:/Document_HH/ECE370/lab4/lab4.srcs/sources_1/new/ALU.v" Line 1. Module ALU doesn't have a timescale but at least one module in design has a timescale.
Completed simulation data flow analysis
Time Resolution for simulation is 1ps
Compiling module xil_defaultlib.mux
Compiling module xil_defaultlib.AddSum
Compiling module xil_defaultlib.InstructionMemory
Compiling module xil_defaultlib.IF_ID_stateReg
Compiling module xil_defaultlib.Control_instruction_1_6
Compiling module xil_defaultlib.RegFile
Compiling module xil_defaultlib.ImmGen
Compiling module xil_defaultlib.satisfy_branch
Compiling module xil_defaultlib.Control_Hazard
Compiling module xil_defaultlib.Data_Hazard_Control
Compiling module xil_defaultlib.ID_EX_REG
Compiling module xil_defaultlib.Forwarding_unit
Compiling module xil_defaultlib.Mux_double
Compiling module xil_defaultlib.ALU_control
Compiling module xil_defaultlib.ALU
Compiling module xil_defaultlib.Reg_Ex_Mem
Compiling module xil_defaultlib.Memory_Address_Hazard
Compiling module xil_defaultlib.DataMemory
Compiling module xil_defaultlib.MEM_WB_Reg
Compiling module xil_defaultlib.PipelineProcessor
Compiling module xil_defaultlib.register_correct_test
Compiling module xil_defaultlib.glbl
Built simulation snapshot register_correct_test_behav
INFO: [USF-XSim-69] 'elaborate' step finished in '4' seconds
INFO: [USF-XSim-4] XSim::Simulate design
INFO: [USF-XSim-61] Executing 'SIMULATE' step in 'E:/Document_HH/ECE370/lab4/lab4.sim/sim_1/behav/xsim'
INFO: [USF-XSim-98] *** Running xsim
   with args "register_correct_test_behav -key {Behavioral:sim_1:Functional:register_correct_test} -tclbatch {register_correct_test.tcl} -log {simulate.log}"
INFO: [USF-XSim-8] Loading simulator feature
Time resolution is 1 ps
source register_correct_test.tcl
# set curr_wave [current_wave_config]
# if { [string length $curr_wave] == 0 } {
#   if { [llength [get_objects]] > 0} {
#     add_wave /
#     set_property needs_save false [current_wave_config]
#   } else {
#      send_msg_id Add_Wave-1 WARNING "No top level signals found. Simulator will start without a wave window. If you want to open a wave window go to 'File->New Waveform Configuration' or type 'create_wave_config' in the TCL console."
#   }
# }
# run 1000ns
INFO: [USF-XSim-96] XSim completed. Design snapshot 'register_correct_test_behav' loaded.
INFO: [USF-XSim-97] XSim simulation ran for 1000ns
launch_simulation: Time (s): cpu = 00:00:00 ; elapsed = 00:00:10 . Memory (MB): peak = 2056.559 ; gain = 0.000
close_sim
INFO: [Simtcl 6-16] Simulation closed
add_files -norecurse {E:/Document_HH/ECE370/lab4/lab4.srcs/sources_1/new/ALU_Control.v E:/Document_HH/ECE370/lab4/lab4.srcs/sources_1/new/Data_memory.v E:/Document_HH/ECE370/lab4/lab4.srcs/sources_1/new/ID_EX_REG.v E:/Document_HH/ECE370/lab4/lab4.srcs/sources_1/new/MEM_WB.v E:/Document_HH/ECE370/lab4/lab4.srcs/sources_1/new/ALU.v E:/Document_HH/ECE370/lab4/lab4.srcs/sources_1/new/EX_MEM.v E:/Document_HH/ECE370/lab4/lab4.srcs/sources_1/new/Registers.v E:/Document_HH/ECE370/lab4/lab4.srcs/sources_1/new/AddSum.v E:/Document_HH/ECE370/lab4/lab4.srcs/sources_1/new/Control_hazard.v E:/Document_HH/ECE370/lab4/lab4.srcs/sources_1/new/Forwarding_unit.v E:/Document_HH/ECE370/lab4/lab4.srcs/sources_1/new/IF_ID_REG_fixed.v E:/Document_HH/ECE370/lab4/lab4.srcs/sources_1/new/Instruction_Memory.v E:/Document_HH/ECE370/lab4/lab4.srcs/sources_1/new/Memory_Address_Hazard.v E:/Document_HH/ECE370/lab4/lab4.srcs/sources_1/new/Control.v E:/Document_HH/ECE370/lab4/lab4.srcs/sources_1/new/PipelineProcessor.v E:/Document_HH/ECE370/lab4/lab4.srcs/sources_1/new/Load_Hazard_control.v E:/Document_HH/ECE370/lab4/lab4.srcs/sources_1/new/ImmGen.v E:/Document_HH/ECE370/lab4/lab4.srcs/sources_1/new/Mux.v}
WARNING: [filemgmt 56-12] File 'E:/Document_HH/ECE370/lab4/lab4.srcs/sources_1/new/ALU_Control.v' cannot be added to the project because it already exists in the project, skipping this file
WARNING: [filemgmt 56-12] File 'E:/Document_HH/ECE370/lab4/lab4.srcs/sources_1/new/Data_memory.v' cannot be added to the project because it already exists in the project, skipping this file
WARNING: [filemgmt 56-12] File 'E:/Document_HH/ECE370/lab4/lab4.srcs/sources_1/new/ID_EX_REG.v' cannot be added to the project because it already exists in the project, skipping this file
WARNING: [filemgmt 56-12] File 'E:/Document_HH/ECE370/lab4/lab4.srcs/sources_1/new/MEM_WB.v' cannot be added to the project because it already exists in the project, skipping this file
WARNING: [filemgmt 56-12] File 'E:/Document_HH/ECE370/lab4/lab4.srcs/sources_1/new/ALU.v' cannot be added to the project because it already exists in the project, skipping this file
WARNING: [filemgmt 56-12] File 'E:/Document_HH/ECE370/lab4/lab4.srcs/sources_1/new/EX_MEM.v' cannot be added to the project because it already exists in the project, skipping this file
WARNING: [filemgmt 56-12] File 'E:/Document_HH/ECE370/lab4/lab4.srcs/sources_1/new/Registers.v' cannot be added to the project because it already exists in the project, skipping this file
WARNING: [filemgmt 56-12] File 'E:/Document_HH/ECE370/lab4/lab4.srcs/sources_1/new/AddSum.v' cannot be added to the project because it already exists in the project, skipping this file
WARNING: [filemgmt 56-12] File 'E:/Document_HH/ECE370/lab4/lab4.srcs/sources_1/new/Control_hazard.v' cannot be added to the project because it already exists in the project, skipping this file
WARNING: [filemgmt 56-12] File 'E:/Document_HH/ECE370/lab4/lab4.srcs/sources_1/new/Forwarding_unit.v' cannot be added to the project because it already exists in the project, skipping this file
WARNING: [filemgmt 56-12] File 'E:/Document_HH/ECE370/lab4/lab4.srcs/sources_1/new/IF_ID_REG_fixed.v' cannot be added to the project because it already exists in the project, skipping this file
WARNING: [filemgmt 56-12] File 'E:/Document_HH/ECE370/lab4/lab4.srcs/sources_1/new/Instruction_Memory.v' cannot be added to the project because it already exists in the project, skipping this file
WARNING: [filemgmt 56-12] File 'E:/Document_HH/ECE370/lab4/lab4.srcs/sources_1/new/Memory_Address_Hazard.v' cannot be added to the project because it already exists in the project, skipping this file
WARNING: [filemgmt 56-12] File 'E:/Document_HH/ECE370/lab4/lab4.srcs/sources_1/new/Control.v' cannot be added to the project because it already exists in the project, skipping this file
WARNING: [filemgmt 56-12] File 'E:/Document_HH/ECE370/lab4/lab4.srcs/sources_1/new/PipelineProcessor.v' cannot be added to the project because it already exists in the project, skipping this file
WARNING: [filemgmt 56-12] File 'E:/Document_HH/ECE370/lab4/lab4.srcs/sources_1/new/Load_Hazard_control.v' cannot be added to the project because it already exists in the project, skipping this file
WARNING: [filemgmt 56-12] File 'E:/Document_HH/ECE370/lab4/lab4.srcs/sources_1/new/ImmGen.v' cannot be added to the project because it already exists in the project, skipping this file
WARNING: [filemgmt 56-12] File 'E:/Document_HH/ECE370/lab4/lab4.srcs/sources_1/new/Mux.v' cannot be added to the project because it already exists in the project, skipping this file
launch_simulation
Command: launch_simulation 
INFO: [Vivado 12-12493] Simulation top is 'register_correct_test'
WARNING: [Vivado 12-13340] Unable to auto find GCC executables from simulator install path! (path not set)
INFO: [Vivado 12-5682] Launching behavioral simulation in 'E:/Document_HH/ECE370/lab4/lab4.sim/sim_1/behav/xsim'
INFO: [SIM-utils-51] Simulation object is 'sim_1'
INFO: [SIM-utils-72] Using boost library from 'E:/Downloads/Xinlix/Vivado/2023.2/tps/boost_1_72_0'
INFO: [SIM-utils-54] Inspecting design source files for 'register_correct_test' in fileset 'sim_1'...
INFO: [USF-XSim-97] Finding global include files...
INFO: [USF-XSim-98] Fetching design files from 'sim_1'...
INFO: [USF-XSim-2] XSim::Compile design
INFO: [USF-XSim-61] Executing 'COMPILE and ANALYZE' step in 'E:/Document_HH/ECE370/lab4/lab4.sim/sim_1/behav/xsim'
"xvlog --incr --relax -prj register_correct_test_vlog.prj"
INFO: [USF-XSim-69] 'compile' step finished in '2' seconds
INFO: [USF-XSim-3] XSim::Elaborate design
INFO: [USF-XSim-61] Executing 'ELABORATE' step in 'E:/Document_HH/ECE370/lab4/lab4.sim/sim_1/behav/xsim'
"xelab --incr --debug typical --relax --mt 2 -L xil_defaultlib -L unisims_ver -L unimacro_ver -L secureip --snapshot register_correct_test_behav xil_defaultlib.register_correct_test xil_defaultlib.glbl -log elaborate.log"
Vivado Simulator v2023.2
Copyright 1986-2022 Xilinx, Inc. All Rights Reserved.
Copyright 2022-2023 Advanced Micro Devices, Inc. All Rights Reserved.
Running: E:/Downloads/Xinlix/Vivado/2023.2/bin/unwrapped/win64.o/xelab.exe --incr --debug typical --relax --mt 2 -L xil_defaultlib -L unisims_ver -L unimacro_ver -L secureip --snapshot register_correct_test_behav xil_defaultlib.register_correct_test xil_defaultlib.glbl -log elaborate.log 
Using 2 slave threads.
Starting static elaboration
Pass Through NonSizing Optimizer
Completed static elaboration
INFO: [XSIM 43-4323] No Change in HDL. Linking previously generated obj files to create kernel
INFO: [USF-XSim-69] 'elaborate' step finished in '3' seconds
INFO: [USF-XSim-4] XSim::Simulate design
INFO: [USF-XSim-61] Executing 'SIMULATE' step in 'E:/Document_HH/ECE370/lab4/lab4.sim/sim_1/behav/xsim'
INFO: [USF-XSim-98] *** Running xsim
   with args "register_correct_test_behav -key {Behavioral:sim_1:Functional:register_correct_test} -tclbatch {register_correct_test.tcl} -log {simulate.log}"
INFO: [USF-XSim-8] Loading simulator feature
Time resolution is 1 ps
source register_correct_test.tcl
# set curr_wave [current_wave_config]
# if { [string length $curr_wave] == 0 } {
#   if { [llength [get_objects]] > 0} {
#     add_wave /
#     set_property needs_save false [current_wave_config]
#   } else {
#      send_msg_id Add_Wave-1 WARNING "No top level signals found. Simulator will start without a wave window. If you want to open a wave window go to 'File->New Waveform Configuration' or type 'create_wave_config' in the TCL console."
#   }
# }
# run 1000ns
INFO: [USF-XSim-96] XSim completed. Design snapshot 'register_correct_test_behav' loaded.
INFO: [USF-XSim-97] XSim simulation ran for 1000ns
launch_simulation: Time (s): cpu = 00:00:00 ; elapsed = 00:00:06 . Memory (MB): peak = 2056.559 ; gain = 0.000
close_sim
INFO: [Simtcl 6-16] Simulation closed
launch_simulation
Command: launch_simulation 
INFO: [Vivado 12-12493] Simulation top is 'register_correct_test'
WARNING: [Vivado 12-13340] Unable to auto find GCC executables from simulator install path! (path not set)
INFO: [Vivado 12-5682] Launching behavioral simulation in 'E:/Document_HH/ECE370/lab4/lab4.sim/sim_1/behav/xsim'
INFO: [SIM-utils-51] Simulation object is 'sim_1'
INFO: [SIM-utils-72] Using boost library from 'E:/Downloads/Xinlix/Vivado/2023.2/tps/boost_1_72_0'
INFO: [SIM-utils-54] Inspecting design source files for 'register_correct_test' in fileset 'sim_1'...
INFO: [USF-XSim-97] Finding global include files...
INFO: [USF-XSim-98] Fetching design files from 'sim_1'...
INFO: [USF-XSim-2] XSim::Compile design
INFO: [USF-XSim-61] Executing 'COMPILE and ANALYZE' step in 'E:/Document_HH/ECE370/lab4/lab4.sim/sim_1/behav/xsim'
"xvlog --incr --relax -prj register_correct_test_vlog.prj"
INFO: [VRFC 10-2263] Analyzing Verilog file "E:/Document_HH/ECE370/lab4/lab4.srcs/sources_1/new/ALU.v" into library xil_defaultlib
INFO: [VRFC 10-311] analyzing module ALU
INFO: [VRFC 10-2263] Analyzing Verilog file "E:/Document_HH/ECE370/lab4/lab4.srcs/sources_1/new/ALU_Control.v" into library xil_defaultlib
INFO: [VRFC 10-311] analyzing module ALU_control
INFO: [VRFC 10-2263] Analyzing Verilog file "E:/Document_HH/ECE370/lab4/lab4.srcs/sources_1/new/AddSum.v" into library xil_defaultlib
INFO: [VRFC 10-311] analyzing module AddSum
INFO: [VRFC 10-2263] Analyzing Verilog file "E:/Document_HH/ECE370/lab4/lab4.srcs/sources_1/new/Control.v" into library xil_defaultlib
INFO: [VRFC 10-311] analyzing module Control_instruction_1_6
INFO: [VRFC 10-2263] Analyzing Verilog file "E:/Document_HH/ECE370/lab4/lab4.srcs/sources_1/new/Control_hazard.v" into library xil_defaultlib
INFO: [VRFC 10-311] analyzing module Control_Hazard
INFO: [VRFC 10-2263] Analyzing Verilog file "E:/Document_HH/ECE370/lab4/lab4.srcs/sources_1/new/Data_memory.v" into library xil_defaultlib
INFO: [VRFC 10-311] analyzing module DataMemory
INFO: [VRFC 10-2263] Analyzing Verilog file "E:/Document_HH/ECE370/lab4/lab4.srcs/sources_1/new/EX_MEM.v" into library xil_defaultlib
INFO: [VRFC 10-311] analyzing module Reg_Ex_Mem
INFO: [VRFC 10-2263] Analyzing Verilog file "E:/Document_HH/ECE370/lab4/lab4.srcs/sources_1/new/Forwarding_unit.v" into library xil_defaultlib
INFO: [VRFC 10-311] analyzing module Forwarding_unit
INFO: [VRFC 10-2263] Analyzing Verilog file "E:/Document_HH/ECE370/lab4/lab4.srcs/sources_1/new/ID_EX_REG.v" into library xil_defaultlib
INFO: [VRFC 10-311] analyzing module ID_EX_REG
INFO: [VRFC 10-2263] Analyzing Verilog file "E:/Document_HH/ECE370/lab4/lab4.srcs/sources_1/new/IF_ID_REG_fixed.v" into library xil_defaultlib
INFO: [VRFC 10-311] analyzing module IF_ID_stateReg
INFO: [VRFC 10-2263] Analyzing Verilog file "E:/Document_HH/ECE370/lab4/lab4.srcs/sources_1/new/ImmGen.v" into library xil_defaultlib
INFO: [VRFC 10-311] analyzing module ImmGen
INFO: [VRFC 10-2263] Analyzing Verilog file "E:/Document_HH/ECE370/lab4/lab4.srcs/sources_1/new/Instruction_Memory.v" into library xil_defaultlib
INFO: [VRFC 10-311] analyzing module InstructionMemory
WARNING: [VRFC 10-8884] decimal constant 000000010100000000000000111011111 should be smaller than 2147483648; using 1193141543 instead [E:/Document_HH/ECE370/lab4/lab4.srcs/sources_1/new/Instruction_Memory.v:11]
INFO: [VRFC 10-2263] Analyzing Verilog file "E:/Document_HH/ECE370/lab4/lab4.srcs/sources_1/new/Load_Hazard_control.v" into library xil_defaultlib
INFO: [VRFC 10-311] analyzing module Data_Hazard_Control
INFO: [VRFC 10-2263] Analyzing Verilog file "E:/Document_HH/ECE370/lab4/lab4.srcs/sources_1/new/MEM_WB.v" into library xil_defaultlib
INFO: [VRFC 10-311] analyzing module MEM_WB_Reg
INFO: [VRFC 10-2263] Analyzing Verilog file "E:/Document_HH/ECE370/lab4/lab4.srcs/sources_1/new/Memory_Address_Hazard.v" into library xil_defaultlib
INFO: [VRFC 10-311] analyzing module Memory_Address_Hazard
INFO: [VRFC 10-2263] Analyzing Verilog file "E:/Document_HH/ECE370/lab4/lab4.srcs/sources_1/new/Mux.v" into library xil_defaultlib
INFO: [VRFC 10-311] analyzing module mux
INFO: [VRFC 10-311] analyzing module Mux_double
INFO: [VRFC 10-2263] Analyzing Verilog file "E:/Document_HH/ECE370/lab4/lab4.srcs/sources_1/new/PipelineProcessor.v" into library xil_defaultlib
INFO: [VRFC 10-311] analyzing module PipelineProcessor
WARNING: [VRFC 10-2938] 'rs1_data_raw' is already implicitly declared on line 176 [E:/Document_HH/ECE370/lab4/lab4.srcs/sources_1/new/PipelineProcessor.v:182]
INFO: [VRFC 10-2263] Analyzing Verilog file "E:/Document_HH/ECE370/lab4/lab4.srcs/sources_1/new/Registers.v" into library xil_defaultlib
INFO: [VRFC 10-311] analyzing module RegFile
INFO: [VRFC 10-311] analyzing module satisfy_branch
INFO: [VRFC 10-2263] Analyzing Verilog file "E:/Document_HH/ECE370/lab4/lab4.srcs/sim_1/new/register_correct_test.v" into library xil_defaultlib
INFO: [VRFC 10-311] analyzing module register_correct_test
INFO: [USF-XSim-69] 'compile' step finished in '3' seconds
INFO: [USF-XSim-3] XSim::Elaborate design
INFO: [USF-XSim-61] Executing 'ELABORATE' step in 'E:/Document_HH/ECE370/lab4/lab4.sim/sim_1/behav/xsim'
"xelab --incr --debug typical --relax --mt 2 -L xil_defaultlib -L unisims_ver -L unimacro_ver -L secureip --snapshot register_correct_test_behav xil_defaultlib.register_correct_test xil_defaultlib.glbl -log elaborate.log"
Vivado Simulator v2023.2
Copyright 1986-2022 Xilinx, Inc. All Rights Reserved.
Copyright 2022-2023 Advanced Micro Devices, Inc. All Rights Reserved.
Running: E:/Downloads/Xinlix/Vivado/2023.2/bin/unwrapped/win64.o/xelab.exe --incr --debug typical --relax --mt 2 -L xil_defaultlib -L unisims_ver -L unimacro_ver -L secureip --snapshot register_correct_test_behav xil_defaultlib.register_correct_test xil_defaultlib.glbl -log elaborate.log 
Using 2 slave threads.
Starting static elaboration
Pass Through NonSizing Optimizer
Completed static elaboration
Starting simulation data flow analysis
WARNING: [XSIM 43-4099] "E:/Document_HH/ECE370/lab4/lab4.srcs/sources_1/new/ALU.v" Line 1. Module ALU doesn't have a timescale but at least one module in design has a timescale.
WARNING: [XSIM 43-4099] "E:/Document_HH/ECE370/lab4/lab4.srcs/sources_1/new/ALU.v" Line 1. Module ALU doesn't have a timescale but at least one module in design has a timescale.
Completed simulation data flow analysis
Time Resolution for simulation is 1ps
Compiling module xil_defaultlib.mux
Compiling module xil_defaultlib.AddSum
Compiling module xil_defaultlib.InstructionMemory
Compiling module xil_defaultlib.IF_ID_stateReg
Compiling module xil_defaultlib.Control_instruction_1_6
Compiling module xil_defaultlib.RegFile
Compiling module xil_defaultlib.ImmGen
Compiling module xil_defaultlib.satisfy_branch
Compiling module xil_defaultlib.Control_Hazard
Compiling module xil_defaultlib.Data_Hazard_Control
Compiling module xil_defaultlib.ID_EX_REG
Compiling module xil_defaultlib.Forwarding_unit
Compiling module xil_defaultlib.Mux_double
Compiling module xil_defaultlib.ALU_control
Compiling module xil_defaultlib.ALU
Compiling module xil_defaultlib.Reg_Ex_Mem
Compiling module xil_defaultlib.Memory_Address_Hazard
Compiling module xil_defaultlib.DataMemory
Compiling module xil_defaultlib.MEM_WB_Reg
Compiling module xil_defaultlib.PipelineProcessor
Compiling module xil_defaultlib.register_correct_test
Compiling module xil_defaultlib.glbl
Built simulation snapshot register_correct_test_behav
INFO: [USF-XSim-69] 'elaborate' step finished in '3' seconds
INFO: [USF-XSim-4] XSim::Simulate design
INFO: [USF-XSim-61] Executing 'SIMULATE' step in 'E:/Document_HH/ECE370/lab4/lab4.sim/sim_1/behav/xsim'
INFO: [USF-XSim-98] *** Running xsim
   with args "register_correct_test_behav -key {Behavioral:sim_1:Functional:register_correct_test} -tclbatch {register_correct_test.tcl} -log {simulate.log}"
INFO: [USF-XSim-8] Loading simulator feature
Time resolution is 1 ps
source register_correct_test.tcl
# set curr_wave [current_wave_config]
# if { [string length $curr_wave] == 0 } {
#   if { [llength [get_objects]] > 0} {
#     add_wave /
#     set_property needs_save false [current_wave_config]
#   } else {
#      send_msg_id Add_Wave-1 WARNING "No top level signals found. Simulator will start without a wave window. If you want to open a wave window go to 'File->New Waveform Configuration' or type 'create_wave_config' in the TCL console."
#   }
# }
# run 1000ns
INFO: [USF-XSim-96] XSim completed. Design snapshot 'register_correct_test_behav' loaded.
INFO: [USF-XSim-97] XSim simulation ran for 1000ns
launch_simulation: Time (s): cpu = 00:00:00 ; elapsed = 00:00:09 . Memory (MB): peak = 2056.559 ; gain = 0.000
set_property SOURCE_SET sources_1 [get_filesets sim_1]
add_files -fileset sim_1 -norecurse E:/Document_HH/ECE370/lab4/lab4.srcs/sim_1/new/register_correct_test_vivado.v
update_compile_order -fileset sim_1
close_sim
INFO: [Simtcl 6-16] Simulation closed
close_project
open_project E:/Document_HH/ECE370/lab4/lab4.xpr
INFO: [filemgmt 56-3] Default IP Output Path : Could not find the directory 'E:/Document_HH/ECE370/lab4/lab4.gen/sources_1'.
CRITICAL WARNING: [Project 1-19] Could not find the file 'E:/Document_HH/ECE370/lab4/lab4.srcs/sim_1/new/tb_new.v'.
Scanning sources...
Finished scanning sources
INFO: [IP_Flow 19-234] Refreshing IP repositories
INFO: [IP_Flow 19-1704] No user IP repositories specified
INFO: [IP_Flow 19-2313] Loaded Vivado IP repository 'E:/Downloads/Xinlix/Vivado/2023.2/data/ip'.
update_compile_order -fileset sources_1
export_ip_user_files -of_objects  [get_files E:/Document_HH/ECE370/lab4/lab4.srcs/sim_1/new/tb_new.v] -no_script -reset -force -quiet
remove_files  -fileset sim_1 E:/Document_HH/ECE370/lab4/lab4.srcs/sim_1/new/tb_new.v
launch_simulation
Command: launch_simulation 
INFO: [Vivado 12-12493] Simulation top is 'register_correct_test'
WARNING: [Vivado 12-13340] Unable to auto find GCC executables from simulator install path! (path not set)
INFO: [Vivado 12-5682] Launching behavioral simulation in 'E:/Document_HH/ECE370/lab4/lab4.sim/sim_1/behav/xsim'
INFO: [SIM-utils-51] Simulation object is 'sim_1'
INFO: [SIM-utils-72] Using boost library from 'E:/Downloads/Xinlix/Vivado/2023.2/tps/boost_1_72_0'
INFO: [SIM-utils-54] Inspecting design source files for 'register_correct_test' in fileset 'sim_1'...
INFO: [USF-XSim-97] Finding global include files...
INFO: [USF-XSim-98] Fetching design files from 'sim_1'...
INFO: [USF-XSim-2] XSim::Compile design
INFO: [USF-XSim-61] Executing 'COMPILE and ANALYZE' step in 'E:/Document_HH/ECE370/lab4/lab4.sim/sim_1/behav/xsim'
"xvlog --incr --relax -prj register_correct_test_vlog.prj"
INFO: [VRFC 10-2263] Analyzing Verilog file "E:/Document_HH/ECE370/lab4/lab4.srcs/sim_1/new/register_correct_test_vivado.v" into library xil_defaultlib
INFO: [VRFC 10-311] analyzing module register_correct_test
INFO: [USF-XSim-69] 'compile' step finished in '2' seconds
INFO: [USF-XSim-3] XSim::Elaborate design
INFO: [USF-XSim-61] Executing 'ELABORATE' step in 'E:/Document_HH/ECE370/lab4/lab4.sim/sim_1/behav/xsim'
"xelab --incr --debug typical --relax --mt 2 -L xil_defaultlib -L unisims_ver -L unimacro_ver -L secureip --snapshot register_correct_test_behav xil_defaultlib.register_correct_test xil_defaultlib.glbl -log elaborate.log"
Vivado Simulator v2023.2
Copyright 1986-2022 Xilinx, Inc. All Rights Reserved.
Copyright 2022-2023 Advanced Micro Devices, Inc. All Rights Reserved.
Running: E:/Downloads/Xinlix/Vivado/2023.2/bin/unwrapped/win64.o/xelab.exe --incr --debug typical --relax --mt 2 -L xil_defaultlib -L unisims_ver -L unimacro_ver -L secureip --snapshot register_correct_test_behav xil_defaultlib.register_correct_test xil_defaultlib.glbl -log elaborate.log 
Using 2 slave threads.
Starting static elaboration
Pass Through NonSizing Optimizer
Completed static elaboration
Starting simulation data flow analysis
WARNING: [XSIM 43-4099] "E:/Document_HH/ECE370/lab4/lab4.srcs/sources_1/new/ALU.v" Line 1. Module ALU doesn't have a timescale but at least one module in design has a timescale.
WARNING: [XSIM 43-4099] "E:/Document_HH/ECE370/lab4/lab4.srcs/sources_1/new/ALU.v" Line 1. Module ALU doesn't have a timescale but at least one module in design has a timescale.
Completed simulation data flow analysis
Time Resolution for simulation is 1ps
Compiling module xil_defaultlib.mux
Compiling module xil_defaultlib.AddSum
Compiling module xil_defaultlib.InstructionMemory
Compiling module xil_defaultlib.IF_ID_stateReg
Compiling module xil_defaultlib.Control_instruction_1_6
Compiling module xil_defaultlib.RegFile
Compiling module xil_defaultlib.ImmGen
Compiling module xil_defaultlib.satisfy_branch
Compiling module xil_defaultlib.Control_Hazard
Compiling module xil_defaultlib.Data_Hazard_Control
Compiling module xil_defaultlib.ID_EX_REG
Compiling module xil_defaultlib.Forwarding_unit
Compiling module xil_defaultlib.Mux_double
Compiling module xil_defaultlib.ALU_control
Compiling module xil_defaultlib.ALU
Compiling module xil_defaultlib.Reg_Ex_Mem
Compiling module xil_defaultlib.Memory_Address_Hazard
Compiling module xil_defaultlib.DataMemory
Compiling module xil_defaultlib.MEM_WB_Reg
Compiling module xil_defaultlib.PipelineProcessor
Compiling module xil_defaultlib.register_correct_test
Compiling module xil_defaultlib.glbl
Built simulation snapshot register_correct_test_behav
INFO: [USF-XSim-69] 'elaborate' step finished in '3' seconds
INFO: [USF-XSim-4] XSim::Simulate design
INFO: [USF-XSim-61] Executing 'SIMULATE' step in 'E:/Document_HH/ECE370/lab4/lab4.sim/sim_1/behav/xsim'
INFO: [USF-XSim-98] *** Running xsim
   with args "register_correct_test_behav -key {Behavioral:sim_1:Functional:register_correct_test} -tclbatch {register_correct_test.tcl} -log {simulate.log}"
INFO: [USF-XSim-8] Loading simulator feature
Time resolution is 1 ps
source register_correct_test.tcl
# set curr_wave [current_wave_config]
# if { [string length $curr_wave] == 0 } {
#   if { [llength [get_objects]] > 0} {
#     add_wave /
#     set_property needs_save false [current_wave_config]
#   } else {
#      send_msg_id Add_Wave-1 WARNING "No top level signals found. Simulator will start without a wave window. If you want to open a wave window go to 'File->New Waveform Configuration' or type 'create_wave_config' in the TCL console."
#   }
# }
# run 1000ns
INFO: [USF-XSim-96] XSim completed. Design snapshot 'register_correct_test_behav' loaded.
INFO: [USF-XSim-97] XSim simulation ran for 1000ns
launch_simulation: Time (s): cpu = 00:00:00 ; elapsed = 00:00:07 . Memory (MB): peak = 2056.559 ; gain = 0.000
close_sim
INFO: [Simtcl 6-16] Simulation closed
set_property SOURCE_SET sources_1 [get_filesets sim_1]
add_files -fileset sim_1 -norecurse E:/Document_HH/ECE370/lab4/lab4.srcs/sim_1/new/vivado_test.v
update_compile_order -fileset sim_1
set_property top vivado_test [get_filesets sim_1]
set_property top_lib xil_defaultlib [get_filesets sim_1]
update_compile_order -fileset sim_1
launch_simulation
Command: launch_simulation 
INFO: [Vivado 12-12493] Simulation top is 'vivado_test'
WARNING: [Vivado 12-13340] Unable to auto find GCC executables from simulator install path! (path not set)
INFO: [Vivado 12-5682] Launching behavioral simulation in 'E:/Document_HH/ECE370/lab4/lab4.sim/sim_1/behav/xsim'
INFO: [SIM-utils-51] Simulation object is 'sim_1'
INFO: [SIM-utils-72] Using boost library from 'E:/Downloads/Xinlix/Vivado/2023.2/tps/boost_1_72_0'
INFO: [SIM-utils-54] Inspecting design source files for 'vivado_test' in fileset 'sim_1'...
INFO: [USF-XSim-97] Finding global include files...
INFO: [USF-XSim-98] Fetching design files from 'sim_1'...
INFO: [USF-XSim-2] XSim::Compile design
INFO: [USF-XSim-61] Executing 'COMPILE and ANALYZE' step in 'E:/Document_HH/ECE370/lab4/lab4.sim/sim_1/behav/xsim'
"xvlog --incr --relax -prj vivado_test_vlog.prj"
INFO: [VRFC 10-2263] Analyzing Verilog file "E:/Document_HH/ECE370/lab4/lab4.srcs/sim_1/new/vivado_test.v" into library xil_defaultlib
INFO: [VRFC 10-311] analyzing module vivado_test
INFO: [USF-XSim-69] 'compile' step finished in '1' seconds
INFO: [USF-XSim-3] XSim::Elaborate design
INFO: [USF-XSim-61] Executing 'ELABORATE' step in 'E:/Document_HH/ECE370/lab4/lab4.sim/sim_1/behav/xsim'
"xelab --incr --debug typical --relax --mt 2 -L xil_defaultlib -L unisims_ver -L unimacro_ver -L secureip --snapshot vivado_test_behav xil_defaultlib.vivado_test xil_defaultlib.glbl -log elaborate.log"
Vivado Simulator v2023.2
Copyright 1986-2022 Xilinx, Inc. All Rights Reserved.
Copyright 2022-2023 Advanced Micro Devices, Inc. All Rights Reserved.
Running: E:/Downloads/Xinlix/Vivado/2023.2/bin/unwrapped/win64.o/xelab.exe --incr --debug typical --relax --mt 2 -L xil_defaultlib -L unisims_ver -L unimacro_ver -L secureip --snapshot vivado_test_behav xil_defaultlib.vivado_test xil_defaultlib.glbl -log elaborate.log 
Using 2 slave threads.
Starting static elaboration
Pass Through NonSizing Optimizer
Completed static elaboration
Starting simulation data flow analysis
WARNING: [XSIM 43-4099] "E:/Document_HH/ECE370/lab4/lab4.srcs/sources_1/new/ALU.v" Line 1. Module ALU doesn't have a timescale but at least one module in design has a timescale.
WARNING: [XSIM 43-4099] "E:/Document_HH/ECE370/lab4/lab4.srcs/sources_1/new/ALU.v" Line 1. Module ALU doesn't have a timescale but at least one module in design has a timescale.
Completed simulation data flow analysis
Time Resolution for simulation is 1ps
Compiling module xil_defaultlib.mux
Compiling module xil_defaultlib.AddSum
Compiling module xil_defaultlib.InstructionMemory
Compiling module xil_defaultlib.IF_ID_stateReg
Compiling module xil_defaultlib.Control_instruction_1_6
Compiling module xil_defaultlib.RegFile
Compiling module xil_defaultlib.ImmGen
Compiling module xil_defaultlib.satisfy_branch
Compiling module xil_defaultlib.Control_Hazard
Compiling module xil_defaultlib.Data_Hazard_Control
Compiling module xil_defaultlib.ID_EX_REG
Compiling module xil_defaultlib.Forwarding_unit
Compiling module xil_defaultlib.Mux_double
Compiling module xil_defaultlib.ALU_control
Compiling module xil_defaultlib.ALU
Compiling module xil_defaultlib.Reg_Ex_Mem
Compiling module xil_defaultlib.Memory_Address_Hazard
Compiling module xil_defaultlib.DataMemory
Compiling module xil_defaultlib.MEM_WB_Reg
Compiling module xil_defaultlib.PipelineProcessor
Compiling module xil_defaultlib.vivado_test
Compiling module xil_defaultlib.glbl
Built simulation snapshot vivado_test_behav
INFO: [USF-XSim-69] 'elaborate' step finished in '4' seconds
INFO: [USF-XSim-4] XSim::Simulate design
INFO: [USF-XSim-61] Executing 'SIMULATE' step in 'E:/Document_HH/ECE370/lab4/lab4.sim/sim_1/behav/xsim'
INFO: [USF-XSim-98] *** Running xsim
   with args "vivado_test_behav -key {Behavioral:sim_1:Functional:vivado_test} -tclbatch {vivado_test.tcl} -log {simulate.log}"
INFO: [USF-XSim-8] Loading simulator feature
Time resolution is 1 ps
source vivado_test.tcl
# set curr_wave [current_wave_config]
# if { [string length $curr_wave] == 0 } {
#   if { [llength [get_objects]] > 0} {
#     add_wave /
#     set_property needs_save false [current_wave_config]
#   } else {
#      send_msg_id Add_Wave-1 WARNING "No top level signals found. Simulator will start without a wave window. If you want to open a wave window go to 'File->New Waveform Configuration' or type 'create_wave_config' in the TCL console."
#   }
# }
# run 1000ns
*** VIVADO SIMULATION STARTED ***
Time=0, PC=00000000, x1=00000000, t0=00000000, t2=00000000, t3=00000000
*** RESET COMPLETED, EXECUTION STARTING ***
Time=25000, PC=00000004, x1=00000000, t0=00000000, t2=00000000, t3=00000000
Time=35000, PC=00000008, x1=00000000, t0=00000000, t2=00000000, t3=00000000
Time=45000, PC=0000000c, x1=00000000, t0=00000000, t2=00000000, t3=00000000
Time=55000, PC=00000010, x1=00000000, t0=00000000, t2=00000000, t3=00000000
Time=75000, PC=00000014, x1=00000000, t0=ffffff99, t2=00000000, t3=00000000
Time=85000, PC=00000018, x1=00000000, t0=ffffff99, t2=00000000, t3=00000000
Time=95000, PC=0000001c, x1=00000000, t0=ffffff99, t2=00000000, t3=00000000
Time=115000, PC=0000001c, x1=00000000, t0=ffffff99, t2=00000000, t3=ffffff99
Time=125000, PC=00000020, x1=00000000, t0=ffffff99, t2=00000000, t3=ffffff99
Time=135000, PC=00000024, x1=00000000, t0=ffffff99, t2=00000000, t3=ffffff99
Time=145000, PC=00000028, x1=00000000, t0=ffffff99, t2=00000000, t3=ffffff99
Time=155000, PC=0000002c, x1=00000000, t0=ffffff99, t2=ffffff32, t3=ffffff99
Time=165000, PC=00000030, x1=00000000, t0=ffffff99, t2=ffffff32, t3=ffffff99
Time=175000, PC=00000034, x1=00000000, t0=ffffff99, t2=ffffff32, t3=ffffff99
Time=185000, PC=00000038, x1=00000000, t0=00000000, t2=ffffff32, t3=ffffff99
Time=195000, PC=00000040, x1=00000000, t0=00000000, t2=ffffff32, t3=ffffff99
Time=205000, PC=00000044, x1=00000000, t0=00000000, t2=ffffff32, t3=ffffff99
Time=215000, PC=00000048, x1=00000038, t0=00000000, t2=ffffff32, t3=ffffff99
Time=225000, PC=00000038, x1=00000038, t0=00000000, t2=ffffff32, t3=ffffff99
Time=235000, PC=0000003c, x1=00000038, t0=00000000, t2=ffffff32, t3=ffffffbb
Time=245000, PC=0000004c, x1=00000038, t0=00000000, t2=ffffff32, t3=ffffffbb
Time=255000, PC=00000050, x1=00000038, t0=00000000, t2=ffffff32, t3=ffffffbb
Time=265000, PC=00000054, x1=0000003c, t0=00000000, t2=ffffff32, t3=ffffffbb
Time=275000, PC=00000058, x1=0000003c, t0=00000000, t2=ffffff32, t3=ffffffbb
Time=285000, PC=0000005c, x1=0000003c, t0=000000ac, t2=ffffff32, t3=ffffffbb
Time=295000, PC=00000060, x1=0000003c, t0=000000ac, t2=ffffff32, t3=ffffffbb
Time=305000, PC=00000064, x1=0000003c, t0=000000ac, t2=ffffff32, t3=ffffffbb
Time=315000, PC=00000068, x1=0000003c, t0=000000ac, t2=ffffff32, t3=ffffffbb
Time=325000, PC=0000006c, x1=0000003c, t0=000000ac, t2=ffffff32, t3=ffffffbb
Time=335000, PC=00000070, x1=0000003c, t0=000000ac, t2=ffffff32, t3=ffffffbb
Time=345000, PC=00000074, x1=0000003c, t0=000000ac, t2=ffffff32, t3=ffffffbb
Time=355000, PC=00000078, x1=0000003c, t0=000000ac, t2=ffffff32, t3=ffffffbb
Time=365000, PC=0000007c, x1=0000003c, t0=000000ac, t2=ffffff32, t3=ffffffbb
Time=375000, PC=00000080, x1=0000003c, t0=000000ac, t2=ffffff32, t3=ffffffbb
Time=385000, PC=00000084, x1=0000003c, t0=000000ac, t2=ffffff32, t3=ffffffbb
Time=395000, PC=00000088, x1=0000003c, t0=000000ac, t2=ffffff32, t3=ffffffbb
Time=405000, PC=0000008c, x1=0000003c, t0=000000ac, t2=ffffff32, t3=ffffffbb
Time=415000, PC=00000090, x1=0000003c, t0=000000ac, t2=ffffff32, t3=ffffffbb
Time=425000, PC=00000094, x1=0000003c, t0=000000ac, t2=ffffff32, t3=ffffffbb
Time=435000, PC=00000098, x1=0000003c, t0=000000ac, t2=ffffff32, t3=ffffffbb
Time=445000, PC=0000009c, x1=0000003c, t0=000000ac, t2=ffffff32, t3=ffffffbb
Time=455000, PC=000000a0, x1=0000003c, t0=000000ac, t2=ffffff32, t3=ffffffbb
Time=465000, PC=000000a4, x1=0000003c, t0=000000ac, t2=ffffff32, t3=ffffffbb
Time=475000, PC=000000a8, x1=0000003c, t0=000000ac, t2=ffffff32, t3=ffffffbb
Time=485000, PC=000000ac, x1=0000003c, t0=000000ac, t2=ffffff32, t3=ffffffbb
Time=495000, PC=000000b0, x1=0000003c, t0=000000ac, t2=ffffff32, t3=ffffffbb
Time=505000, PC=000000b4, x1=0000003c, t0=000000ac, t2=ffffff32, t3=ffffffbb
Time=515000, PC=000000b8, x1=0000003c, t0=000000ac, t2=ffffff32, t3=ffffffbb
Time=525000, PC=000000bc, x1=0000003c, t0=000000ac, t2=ffffff32, t3=ffffffbb
Time=535000, PC=000000c0, x1=0000003c, t0=000000ac, t2=ffffff32, t3=ffffffbb
Time=545000, PC=000000c4, x1=0000003c, t0=000000ac, t2=ffffff32, t3=ffffffbb
Time=555000, PC=000000c8, x1=0000003c, t0=000000ac, t2=ffffff32, t3=ffffffbb
Time=565000, PC=000000cc, x1=0000003c, t0=000000ac, t2=ffffff32, t3=ffffffbb
Time=575000, PC=000000d0, x1=0000003c, t0=000000ac, t2=ffffff32, t3=ffffffbb
Time=585000, PC=000000d4, x1=0000003c, t0=000000ac, t2=ffffff32, t3=ffffffbb
Time=595000, PC=000000d8, x1=0000003c, t0=000000ac, t2=ffffff32, t3=ffffffbb
Time=605000, PC=000000dc, x1=0000003c, t0=000000ac, t2=ffffff32, t3=ffffffbb
Time=615000, PC=000000e0, x1=0000003c, t0=000000ac, t2=ffffff32, t3=ffffffbb
Time=625000, PC=000000e4, x1=0000003c, t0=000000ac, t2=ffffff32, t3=ffffffbb
Time=635000, PC=000000e8, x1=0000003c, t0=000000ac, t2=ffffff32, t3=ffffffbb
Time=645000, PC=000000ec, x1=0000003c, t0=000000ac, t2=ffffff32, t3=ffffffbb
Time=655000, PC=000000f0, x1=0000003c, t0=000000ac, t2=ffffff32, t3=ffffffbb
Time=665000, PC=000000f4, x1=0000003c, t0=000000ac, t2=ffffff32, t3=ffffffbb
Time=675000, PC=000000f8, x1=0000003c, t0=000000ac, t2=ffffff32, t3=ffffffbb
Time=685000, PC=000000fc, x1=0000003c, t0=000000ac, t2=ffffff32, t3=ffffffbb
Time=695000, PC=00000100, x1=0000003c, t0=000000ac, t2=ffffff32, t3=ffffffbb
Time=705000, PC=00000104, x1=0000003c, t0=000000ac, t2=ffffff32, t3=ffffffbb
Time=715000, PC=00000108, x1=0000003c, t0=000000ac, t2=ffffff32, t3=ffffffbb
Time=725000, PC=0000010c, x1=0000003c, t0=000000ac, t2=ffffff32, t3=ffffffbb
Time=735000, PC=00000110, x1=0000003c, t0=000000ac, t2=ffffff32, t3=ffffffbb
Time=745000, PC=00000114, x1=0000003c, t0=000000ac, t2=ffffff32, t3=ffffffbb
Time=755000, PC=00000118, x1=0000003c, t0=000000ac, t2=ffffff32, t3=ffffffbb
Time=765000, PC=0000011c, x1=0000003c, t0=000000ac, t2=ffffff32, t3=ffffffbb
Time=775000, PC=00000120, x1=0000003c, t0=000000ac, t2=ffffff32, t3=ffffffbb
Time=785000, PC=00000124, x1=0000003c, t0=000000ac, t2=ffffff32, t3=ffffffbb
Time=795000, PC=00000128, x1=0000003c, t0=000000ac, t2=ffffff32, t3=ffffffbb
Time=805000, PC=0000012c, x1=0000003c, t0=000000ac, t2=ffffff32, t3=ffffffbb
Time=815000, PC=00000130, x1=0000003c, t0=000000ac, t2=ffffff32, t3=ffffffbb
Time=825000, PC=00000134, x1=0000003c, t0=000000ac, t2=ffffff32, t3=ffffffbb
Time=835000, PC=00000138, x1=0000003c, t0=000000ac, t2=ffffff32, t3=ffffffbb
Time=845000, PC=0000013c, x1=0000003c, t0=000000ac, t2=ffffff32, t3=ffffffbb
Time=855000, PC=00000140, x1=0000003c, t0=000000ac, t2=ffffff32, t3=ffffffbb
Time=865000, PC=00000144, x1=0000003c, t0=000000ac, t2=ffffff32, t3=ffffffbb
Time=875000, PC=00000148, x1=0000003c, t0=000000ac, t2=ffffff32, t3=ffffffbb
Time=885000, PC=0000014c, x1=0000003c, t0=000000ac, t2=ffffff32, t3=ffffffbb
Time=895000, PC=00000150, x1=0000003c, t0=000000ac, t2=ffffff32, t3=ffffffbb
Time=905000, PC=00000154, x1=0000003c, t0=000000ac, t2=ffffff32, t3=ffffffbb
Time=915000, PC=00000158, x1=0000003c, t0=000000ac, t2=ffffff32, t3=ffffffbb
Time=925000, PC=0000015c, x1=0000003c, t0=000000ac, t2=ffffff32, t3=ffffffbb
Time=935000, PC=00000160, x1=0000003c, t0=000000ac, t2=ffffff32, t3=ffffffbb
Time=945000, PC=00000164, x1=0000003c, t0=000000ac, t2=ffffff32, t3=ffffffbb
Time=955000, PC=00000168, x1=0000003c, t0=000000ac, t2=ffffff32, t3=ffffffbb
Time=965000, PC=0000016c, x1=0000003c, t0=000000ac, t2=ffffff32, t3=ffffffbb
Time=975000, PC=00000170, x1=0000003c, t0=000000ac, t2=ffffff32, t3=ffffffbb
Time=985000, PC=00000174, x1=0000003c, t0=000000ac, t2=ffffff32, t3=ffffffbb
Time=995000, PC=00000178, x1=0000003c, t0=000000ac, t2=ffffff32, t3=ffffffbb
INFO: [USF-XSim-96] XSim completed. Design snapshot 'vivado_test_behav' loaded.
INFO: [USF-XSim-97] XSim simulation ran for 1000ns
launch_simulation: Time (s): cpu = 00:00:00 ; elapsed = 00:00:07 . Memory (MB): peak = 2056.559 ; gain = 0.000
restart
INFO: [Wavedata 42-604] Simulation restarted
run 10000
*** VIVADO SIMULATION STARTED ***
Time=0, PC=00000000, x1=00000000, t0=00000000, t2=00000000, t3=00000000
*** RESET COMPLETED, EXECUTION STARTING ***
Time=25000, PC=00000004, x1=00000000, t0=00000000, t2=00000000, t3=00000000
Time=35000, PC=00000008, x1=00000000, t0=00000000, t2=00000000, t3=00000000
Time=45000, PC=0000000c, x1=00000000, t0=00000000, t2=00000000, t3=00000000
Time=55000, PC=00000010, x1=00000000, t0=00000000, t2=00000000, t3=00000000
Time=75000, PC=00000014, x1=00000000, t0=ffffff99, t2=00000000, t3=00000000
Time=85000, PC=00000018, x1=00000000, t0=ffffff99, t2=00000000, t3=00000000
Time=95000, PC=0000001c, x1=00000000, t0=ffffff99, t2=00000000, t3=00000000
Time=115000, PC=0000001c, x1=00000000, t0=ffffff99, t2=00000000, t3=ffffff99
Time=125000, PC=00000020, x1=00000000, t0=ffffff99, t2=00000000, t3=ffffff99
Time=135000, PC=00000024, x1=00000000, t0=ffffff99, t2=00000000, t3=ffffff99
Time=145000, PC=00000028, x1=00000000, t0=ffffff99, t2=00000000, t3=ffffff99
Time=155000, PC=0000002c, x1=00000000, t0=ffffff99, t2=ffffff32, t3=ffffff99
Time=165000, PC=00000030, x1=00000000, t0=ffffff99, t2=ffffff32, t3=ffffff99
Time=175000, PC=00000034, x1=00000000, t0=ffffff99, t2=ffffff32, t3=ffffff99
Time=185000, PC=00000038, x1=00000000, t0=00000000, t2=ffffff32, t3=ffffff99
Time=195000, PC=00000040, x1=00000000, t0=00000000, t2=ffffff32, t3=ffffff99
Time=205000, PC=00000044, x1=00000000, t0=00000000, t2=ffffff32, t3=ffffff99
Time=215000, PC=00000048, x1=00000038, t0=00000000, t2=ffffff32, t3=ffffff99
Time=225000, PC=00000038, x1=00000038, t0=00000000, t2=ffffff32, t3=ffffff99
Time=235000, PC=0000003c, x1=00000038, t0=00000000, t2=ffffff32, t3=ffffffbb
Time=245000, PC=0000004c, x1=00000038, t0=00000000, t2=ffffff32, t3=ffffffbb
Time=255000, PC=00000050, x1=00000038, t0=00000000, t2=ffffff32, t3=ffffffbb
Time=265000, PC=00000054, x1=0000003c, t0=00000000, t2=ffffff32, t3=ffffffbb
Time=275000, PC=00000058, x1=0000003c, t0=00000000, t2=ffffff32, t3=ffffffbb
Time=285000, PC=0000005c, x1=0000003c, t0=000000ac, t2=ffffff32, t3=ffffffbb
Time=295000, PC=00000060, x1=0000003c, t0=000000ac, t2=ffffff32, t3=ffffffbb
Time=305000, PC=00000064, x1=0000003c, t0=000000ac, t2=ffffff32, t3=ffffffbb
Time=315000, PC=00000068, x1=0000003c, t0=000000ac, t2=ffffff32, t3=ffffffbb
Time=325000, PC=0000006c, x1=0000003c, t0=000000ac, t2=ffffff32, t3=ffffffbb
Time=335000, PC=00000070, x1=0000003c, t0=000000ac, t2=ffffff32, t3=ffffffbb
Time=345000, PC=00000074, x1=0000003c, t0=000000ac, t2=ffffff32, t3=ffffffbb
Time=355000, PC=00000078, x1=0000003c, t0=000000ac, t2=ffffff32, t3=ffffffbb
Time=365000, PC=0000007c, x1=0000003c, t0=000000ac, t2=ffffff32, t3=ffffffbb
Time=375000, PC=00000080, x1=0000003c, t0=000000ac, t2=ffffff32, t3=ffffffbb
Time=385000, PC=00000084, x1=0000003c, t0=000000ac, t2=ffffff32, t3=ffffffbb
Time=395000, PC=00000088, x1=0000003c, t0=000000ac, t2=ffffff32, t3=ffffffbb
Time=405000, PC=0000008c, x1=0000003c, t0=000000ac, t2=ffffff32, t3=ffffffbb
Time=415000, PC=00000090, x1=0000003c, t0=000000ac, t2=ffffff32, t3=ffffffbb
Time=425000, PC=00000094, x1=0000003c, t0=000000ac, t2=ffffff32, t3=ffffffbb
Time=435000, PC=00000098, x1=0000003c, t0=000000ac, t2=ffffff32, t3=ffffffbb
Time=445000, PC=0000009c, x1=0000003c, t0=000000ac, t2=ffffff32, t3=ffffffbb
Time=455000, PC=000000a0, x1=0000003c, t0=000000ac, t2=ffffff32, t3=ffffffbb
Time=465000, PC=000000a4, x1=0000003c, t0=000000ac, t2=ffffff32, t3=ffffffbb
Time=475000, PC=000000a8, x1=0000003c, t0=000000ac, t2=ffffff32, t3=ffffffbb
Time=485000, PC=000000ac, x1=0000003c, t0=000000ac, t2=ffffff32, t3=ffffffbb
Time=495000, PC=000000b0, x1=0000003c, t0=000000ac, t2=ffffff32, t3=ffffffbb
Time=505000, PC=000000b4, x1=0000003c, t0=000000ac, t2=ffffff32, t3=ffffffbb
Time=515000, PC=000000b8, x1=0000003c, t0=000000ac, t2=ffffff32, t3=ffffffbb
Time=525000, PC=000000bc, x1=0000003c, t0=000000ac, t2=ffffff32, t3=ffffffbb
Time=535000, PC=000000c0, x1=0000003c, t0=000000ac, t2=ffffff32, t3=ffffffbb
Time=545000, PC=000000c4, x1=0000003c, t0=000000ac, t2=ffffff32, t3=ffffffbb
Time=555000, PC=000000c8, x1=0000003c, t0=000000ac, t2=ffffff32, t3=ffffffbb
Time=565000, PC=000000cc, x1=0000003c, t0=000000ac, t2=ffffff32, t3=ffffffbb
Time=575000, PC=000000d0, x1=0000003c, t0=000000ac, t2=ffffff32, t3=ffffffbb
Time=585000, PC=000000d4, x1=0000003c, t0=000000ac, t2=ffffff32, t3=ffffffbb
Time=595000, PC=000000d8, x1=0000003c, t0=000000ac, t2=ffffff32, t3=ffffffbb
Time=605000, PC=000000dc, x1=0000003c, t0=000000ac, t2=ffffff32, t3=ffffffbb
Time=615000, PC=000000e0, x1=0000003c, t0=000000ac, t2=ffffff32, t3=ffffffbb
Time=625000, PC=000000e4, x1=0000003c, t0=000000ac, t2=ffffff32, t3=ffffffbb
Time=635000, PC=000000e8, x1=0000003c, t0=000000ac, t2=ffffff32, t3=ffffffbb
Time=645000, PC=000000ec, x1=0000003c, t0=000000ac, t2=ffffff32, t3=ffffffbb
Time=655000, PC=000000f0, x1=0000003c, t0=000000ac, t2=ffffff32, t3=ffffffbb
Time=665000, PC=000000f4, x1=0000003c, t0=000000ac, t2=ffffff32, t3=ffffffbb
Time=675000, PC=000000f8, x1=0000003c, t0=000000ac, t2=ffffff32, t3=ffffffbb
Time=685000, PC=000000fc, x1=0000003c, t0=000000ac, t2=ffffff32, t3=ffffffbb
Time=695000, PC=00000100, x1=0000003c, t0=000000ac, t2=ffffff32, t3=ffffffbb
Time=705000, PC=00000104, x1=0000003c, t0=000000ac, t2=ffffff32, t3=ffffffbb
Time=715000, PC=00000108, x1=0000003c, t0=000000ac, t2=ffffff32, t3=ffffffbb
Time=725000, PC=0000010c, x1=0000003c, t0=000000ac, t2=ffffff32, t3=ffffffbb
Time=735000, PC=00000110, x1=0000003c, t0=000000ac, t2=ffffff32, t3=ffffffbb
Time=745000, PC=00000114, x1=0000003c, t0=000000ac, t2=ffffff32, t3=ffffffbb
Time=755000, PC=00000118, x1=0000003c, t0=000000ac, t2=ffffff32, t3=ffffffbb
Time=765000, PC=0000011c, x1=0000003c, t0=000000ac, t2=ffffff32, t3=ffffffbb
Time=775000, PC=00000120, x1=0000003c, t0=000000ac, t2=ffffff32, t3=ffffffbb
Time=785000, PC=00000124, x1=0000003c, t0=000000ac, t2=ffffff32, t3=ffffffbb
Time=795000, PC=00000128, x1=0000003c, t0=000000ac, t2=ffffff32, t3=ffffffbb
Time=805000, PC=0000012c, x1=0000003c, t0=000000ac, t2=ffffff32, t3=ffffffbb
Time=815000, PC=00000130, x1=0000003c, t0=000000ac, t2=ffffff32, t3=ffffffbb
Time=825000, PC=00000134, x1=0000003c, t0=000000ac, t2=ffffff32, t3=ffffffbb
Time=835000, PC=00000138, x1=0000003c, t0=000000ac, t2=ffffff32, t3=ffffffbb
Time=845000, PC=0000013c, x1=0000003c, t0=000000ac, t2=ffffff32, t3=ffffffbb
Time=855000, PC=00000140, x1=0000003c, t0=000000ac, t2=ffffff32, t3=ffffffbb
Time=865000, PC=00000144, x1=0000003c, t0=000000ac, t2=ffffff32, t3=ffffffbb
Time=875000, PC=00000148, x1=0000003c, t0=000000ac, t2=ffffff32, t3=ffffffbb
Time=885000, PC=0000014c, x1=0000003c, t0=000000ac, t2=ffffff32, t3=ffffffbb
Time=895000, PC=00000150, x1=0000003c, t0=000000ac, t2=ffffff32, t3=ffffffbb
Time=905000, PC=00000154, x1=0000003c, t0=000000ac, t2=ffffff32, t3=ffffffbb
Time=915000, PC=00000158, x1=0000003c, t0=000000ac, t2=ffffff32, t3=ffffffbb
Time=925000, PC=0000015c, x1=0000003c, t0=000000ac, t2=ffffff32, t3=ffffffbb
Time=935000, PC=00000160, x1=0000003c, t0=000000ac, t2=ffffff32, t3=ffffffbb
Time=945000, PC=00000164, x1=0000003c, t0=000000ac, t2=ffffff32, t3=ffffffbb
Time=955000, PC=00000168, x1=0000003c, t0=000000ac, t2=ffffff32, t3=ffffffbb
Time=965000, PC=0000016c, x1=0000003c, t0=000000ac, t2=ffffff32, t3=ffffffbb
Time=975000, PC=00000170, x1=0000003c, t0=000000ac, t2=ffffff32, t3=ffffffbb
Time=985000, PC=00000174, x1=0000003c, t0=000000ac, t2=ffffff32, t3=ffffffbb
Time=995000, PC=00000178, x1=0000003c, t0=000000ac, t2=ffffff32, t3=ffffffbb
Time=1005000, PC=0000017c, x1=0000003c, t0=000000ac, t2=ffffff32, t3=ffffffbb
Time=1015000, PC=00000180, x1=0000003c, t0=000000ac, t2=ffffff32, t3=ffffffbb
Time=1025000, PC=00000184, x1=0000003c, t0=000000ac, t2=ffffff32, t3=ffffffbb
Time=1035000, PC=00000188, x1=0000003c, t0=000000ac, t2=ffffff32, t3=ffffffbb
Time=1045000, PC=0000018c, x1=0000003c, t0=000000ac, t2=ffffff32, t3=ffffffbb
Time=1055000, PC=00000190, x1=0000003c, t0=000000ac, t2=ffffff32, t3=ffffffbb
Time=1065000, PC=00000194, x1=0000003c, t0=000000ac, t2=ffffff32, t3=ffffffbb
Time=1075000, PC=00000198, x1=0000003c, t0=000000ac, t2=ffffff32, t3=ffffffbb
Time=1085000, PC=0000019c, x1=0000003c, t0=000000ac, t2=ffffff32, t3=ffffffbb
Time=1095000, PC=000001a0, x1=0000003c, t0=000000ac, t2=ffffff32, t3=ffffffbb
Time=1105000, PC=000001a4, x1=0000003c, t0=000000ac, t2=ffffff32, t3=ffffffbb
Time=1115000, PC=000001a8, x1=0000003c, t0=000000ac, t2=ffffff32, t3=ffffffbb
Time=1125000, PC=000001ac, x1=0000003c, t0=000000ac, t2=ffffff32, t3=ffffffbb
Time=1135000, PC=000001b0, x1=0000003c, t0=000000ac, t2=ffffff32, t3=ffffffbb
Time=1145000, PC=000001b4, x1=0000003c, t0=000000ac, t2=ffffff32, t3=ffffffbb
Time=1155000, PC=000001b8, x1=0000003c, t0=000000ac, t2=ffffff32, t3=ffffffbb
Time=1165000, PC=000001bc, x1=0000003c, t0=000000ac, t2=ffffff32, t3=ffffffbb
Time=1175000, PC=000001c0, x1=0000003c, t0=000000ac, t2=ffffff32, t3=ffffffbb
Time=1185000, PC=000001c4, x1=0000003c, t0=000000ac, t2=ffffff32, t3=ffffffbb
Time=1195000, PC=000001c8, x1=0000003c, t0=000000ac, t2=ffffff32, t3=ffffffbb
Time=1205000, PC=000001cc, x1=0000003c, t0=000000ac, t2=ffffff32, t3=ffffffbb
Time=1215000, PC=000001d0, x1=0000003c, t0=000000ac, t2=ffffff32, t3=ffffffbb
*** EXECUTION COMPLETED ***
*** FINAL RESULTS ***
x1(ra)  = 0x0000003c
x5(t0)  = 0x000000ac
x7(t2)  = 0xffffff32
x28(t3) = 0xffffffbb
*** EXPECTED VALUES ***
x1(ra)  = 0x0000003c
x5(t0)  = 0x000000ac
x7(t2)  = 0xffffff32
x28(t3) = 0xffffffbb
*** VERIFICATION ***
x1: PASS
t0: PASS
t2: PASS
t3: PASS
*** SIMULATION FINISHED ***
$finish called at time : 1220 ns : File "E:/Document_HH/ECE370/lab4/lab4.srcs/sim_1/new/vivado_test.v" Line 57
close_sim
INFO: [Simtcl 6-16] Simulation closed
exit
INFO: [Common 17-206] Exiting Vivado at Sun Jul  6 16:19:35 2025...
