#-----------------------------------------------------------
# Vivado v2023.2 (64-bit)
# SW Build 4029153 on Fri Oct 13 20:14:34 MDT 2023
# IP Build 4028589 on Sat Oct 14 00:45:43 MDT 2023
# SharedData Build 4025554 on Tue Oct 10 17:18:54 MDT 2023
# Start of session at: Sat Jul 12 19:00:38 2025
# Process ID: 39444
# Current directory: E:/Document_HH/ECE370/lab4
# Command line: vivado.exe -gui_launcher_event rodinguilauncherevent39256 E:\Document_HH\ECE370\lab4\lab4.xpr
# Log file: E:/Document_HH/ECE370/lab4/vivado.log
# Journal file: E:/Document_HH/ECE370/lab4\vivado.jou
# Running On: LAPTOP-5EVVVS7M, OS: Windows, CPU Frequency: 2995 MHz, CPU Physical cores: 14, Host memory: 33968 MB
#-----------------------------------------------------------
start_gui
open_project E:/Document_HH/ECE370/lab4/lab4.xpr
WARNING: [Board 49-26] cannot add Board Part xilinx.com:vek280_es:part0:1.0 available at E:/Downloads/Xinlix/Vivado/2023.2/data/xhub/boards/XilinxBoardStore/boards/Xilinx/vek280/es/rev_a/1.0/board.xml as part xcve2802-vsvh1760-2lp-e-s-es1 specified in board_part file is either invalid or not available
WARNING: [Board 49-26] cannot add Board Part xilinx.com:vek280_es:part0:1.1 available at E:/Downloads/Xinlix/Vivado/2023.2/data/xhub/boards/XilinxBoardStore/boards/Xilinx/vek280/es/rev_a/1.1/board.xml as part xcve2802-vsvh1760-2lp-e-s-es1 specified in board_part file is either invalid or not available
WARNING: [Board 49-26] cannot add Board Part xilinx.com:vek280_es_revb:part0:1.0 available at E:/Downloads/Xinlix/Vivado/2023.2/data/xhub/boards/XilinxBoardStore/boards/Xilinx/vek280/es/rev_b/1.0/board.xml as part xcve2802-vsvh1760-2mp-e-s-es1 specified in board_part file is either invalid or not available
WARNING: [Board 49-26] cannot add Board Part xilinx.com:vek280_es_revb:part0:1.1 available at E:/Downloads/Xinlix/Vivado/2023.2/data/xhub/boards/XilinxBoardStore/boards/Xilinx/vek280/es/rev_b/1.1/board.xml as part xcve2802-vsvh1760-2mp-e-s-es1 specified in board_part file is either invalid or not available
WARNING: [Board 49-26] cannot add Board Part xilinx.com:vhk158_es:part0:1.0 available at E:/Downloads/Xinlix/Vivado/2023.2/data/xhub/boards/XilinxBoardStore/boards/Xilinx/vhk158/es/1.0/board.xml as part xcvh1582-vsva3697-2mp-e-s-es1 specified in board_part file is either invalid or not available
WARNING: [Board 49-26] cannot add Board Part xilinx.com:vhk158_es:part0:1.1 available at E:/Downloads/Xinlix/Vivado/2023.2/data/xhub/boards/XilinxBoardStore/boards/Xilinx/vhk158/es/1.1/board.xml as part xcvh1582-vsva3697-2mp-e-s-es1 specified in board_part file is either invalid or not available
WARNING: [Board 49-26] cannot add Board Part xilinx.com:zcu208ld:part0:2.0 available at E:/Downloads/Xinlix/Vivado/2023.2/data/xhub/boards/XilinxBoardStore/boards/Xilinx/zcu208ld/production/2.0/board.xml as part xczu58dr-fsvg1517-2-i specified in board_part file is either invalid or not available
WARNING: [Board 49-26] cannot add Board Part xilinx.com:zcu216ld:part0:2.0 available at E:/Downloads/Xinlix/Vivado/2023.2/data/xhub/boards/XilinxBoardStore/boards/Xilinx/zcu216ld/production/2.0/board.xml as part xczu59dr-ffvf1760-2-i specified in board_part file is either invalid or not available
WARNING: [Board 49-26] cannot add Board Part xilinx.com:zcu670:part0:2.0 available at E:/Downloads/Xinlix/Vivado/2023.2/data/xhub/boards/XilinxBoardStore/boards/Xilinx/zcu670/2.0/board.xml as part xczu67dr-fsve1156-2-i specified in board_part file is either invalid or not available
WARNING: [Board 49-26] cannot add Board Part xilinx.com:zcu670ld:part0:1.0 available at E:/Downloads/Xinlix/Vivado/2023.2/data/xhub/boards/XilinxBoardStore/boards/Xilinx/zcu670ld/1.0/board.xml as part xczu57dr-fsve1156-2-i specified in board_part file is either invalid or not available
INFO: [filemgmt 56-3] Default IP Output Path : Could not find the directory 'E:/Document_HH/ECE370/lab4/lab4.gen/sources_1'.
Scanning sources...
Finished scanning sources
INFO: [IP_Flow 19-234] Refreshing IP repositories
INFO: [IP_Flow 19-1704] No user IP repositories specified
INFO: [IP_Flow 19-2313] Loaded Vivado IP repository 'E:/Downloads/Xinlix/Vivado/2023.2/data/ip'.
open_project: Time (s): cpu = 00:00:03 ; elapsed = 00:00:07 . Memory (MB): peak = 1594.637 ; gain = 315.684
update_compile_order -fileset sources_1
launch_simulation
Command: launch_simulation 
INFO: [Vivado 12-12493] Simulation top is 'singleCycleTest'
WARNING: [Vivado 12-13340] Unable to auto find GCC executables from simulator install path! (path not set)
INFO: [Vivado 12-5682] Launching behavioral simulation in 'E:/Document_HH/ECE370/lab4/lab4.sim/sim_1/behav/xsim'
INFO: [SIM-utils-51] Simulation object is 'sim_1'
INFO: [SIM-utils-72] Using boost library from 'E:/Downloads/Xinlix/Vivado/2023.2/tps/boost_1_72_0'
INFO: [SIM-utils-54] Inspecting design source files for 'singleCycleTest' in fileset 'sim_1'...
INFO: [USF-XSim-97] Finding global include files...
INFO: [USF-XSim-98] Fetching design files from 'sim_1'...
INFO: [USF-XSim-2] XSim::Compile design
INFO: [USF-XSim-61] Executing 'COMPILE and ANALYZE' step in 'E:/Document_HH/ECE370/lab4/lab4.sim/sim_1/behav/xsim'
"xvlog --incr --relax -prj singleCycleTest_vlog.prj"
INFO: [USF-XSim-69] 'compile' step finished in '2' seconds
INFO: [USF-XSim-3] XSim::Elaborate design
INFO: [USF-XSim-61] Executing 'ELABORATE' step in 'E:/Document_HH/ECE370/lab4/lab4.sim/sim_1/behav/xsim'
"xelab --incr --debug typical --relax --mt 2 -L xil_defaultlib -L unisims_ver -L unimacro_ver -L secureip --snapshot singleCycleTest_behav xil_defaultlib.singleCycleTest xil_defaultlib.glbl -log elaborate.log"
Vivado Simulator v2023.2
Copyright 1986-2022 Xilinx, Inc. All Rights Reserved.
Copyright 2022-2023 Advanced Micro Devices, Inc. All Rights Reserved.
Running: E:/Downloads/Xinlix/Vivado/2023.2/bin/unwrapped/win64.o/xelab.exe --incr --debug typical --relax --mt 2 -L xil_defaultlib -L unisims_ver -L unimacro_ver -L secureip --snapshot singleCycleTest_behav xil_defaultlib.singleCycleTest xil_defaultlib.glbl -log elaborate.log 
Using 2 slave threads.
Starting static elaboration
Pass Through NonSizing Optimizer
Completed static elaboration
INFO: [XSIM 43-4323] No Change in HDL. Linking previously generated obj files to create kernel
INFO: [USF-XSim-69] 'elaborate' step finished in '3' seconds
INFO: [USF-XSim-4] XSim::Simulate design
INFO: [USF-XSim-61] Executing 'SIMULATE' step in 'E:/Document_HH/ECE370/lab4/lab4.sim/sim_1/behav/xsim'
INFO: [USF-XSim-98] *** Running xsim
   with args "singleCycleTest_behav -key {Behavioral:sim_1:Functional:singleCycleTest} -tclbatch {singleCycleTest.tcl} -log {simulate.log}"
INFO: [USF-XSim-8] Loading simulator feature
Time resolution is 1 ps
source singleCycleTest.tcl
# set curr_wave [current_wave_config]
# if { [string length $curr_wave] == 0 } {
#   if { [llength [get_objects]] > 0} {
#     add_wave /
#     set_property needs_save false [current_wave_config]
#   } else {
#      send_msg_id Add_Wave-1 WARNING "No top level signals found. Simulator will start without a wave window. If you want to open a wave window go to 'File->New Waveform Configuration' or type 'create_wave_config' in the TCL console."
#   }
# }
# run 1000ns
===============================================
Clock cycle           0, PC = 00000000
ra = 00000000, t0 = 00000000, t1 = 00000000
t2 = 00000000, t3 = 00000000, t4 = 00000000
===============================================
===============================================
Clock cycle           1, PC = 00000004
ra = 00000000, t0 = 00000000, t1 = 00000000
t2 = 00000000, t3 = 00000000, t4 = 00000000
===============================================
===============================================
Clock cycle           2, PC = 00000008
ra = 00000000, t0 = 00000000, t1 = 00000000
t2 = 00000000, t3 = 00000000, t4 = 00000000
===============================================
===============================================
Clock cycle           3, PC = 0000000c
ra = 00000000, t0 = 00000000, t1 = 00000000
t2 = 00000000, t3 = 00000000, t4 = 00000000
===============================================
===============================================
Clock cycle           4, PC = 00000010
ra = 00000000, t0 = 00000000, t1 = 00000399
t2 = 00000000, t3 = 00000000, t4 = 00000000
===============================================
===============================================
Clock cycle           5, PC = 00000010
ra = 00000000, t0 = 00000000, t1 = 00000399
t2 = 00000000, t3 = 00000000, t4 = 00000000
===============================================
===============================================
Clock cycle           6, PC = 00000014
ra = 00000000, t0 = ffffff99, t1 = 00000399
t2 = 00000000, t3 = 00000000, t4 = 00000000
===============================================
===============================================
Clock cycle           7, PC = 00000018
ra = 00000000, t0 = ffffff99, t1 = 00000399
t2 = 00000000, t3 = 00000000, t4 = 00000000
===============================================
===============================================
Clock cycle           8, PC = 0000001c
ra = 00000000, t0 = ffffff99, t1 = 00000399
t2 = 00000000, t3 = 00000000, t4 = 00000000
===============================================
===============================================
Clock cycle           9, PC = 0000001c
ra = 00000000, t0 = ffffff99, t1 = 00000399
t2 = 00000000, t3 = 00000000, t4 = 00000000
===============================================
===============================================
Clock cycle          10, PC = 0000001c
ra = 00000000, t0 = ffffff99, t1 = 00000399
t2 = 00000000, t3 = ffffff99, t4 = 00000000
===============================================
===============================================
Clock cycle          11, PC = 00000020
ra = 00000000, t0 = ffffff99, t1 = 00000399
t2 = 00000000, t3 = ffffff99, t4 = 00000000
===============================================
===============================================
Clock cycle          12, PC = 00000024
ra = 00000000, t0 = ffffff99, t1 = 00000399
t2 = 00000000, t3 = ffffff99, t4 = 00000000
===============================================
===============================================
Clock cycle          13, PC = 00000028
ra = 00000000, t0 = ffffff99, t1 = 00000399
t2 = 00000000, t3 = ffffff99, t4 = 00000000
===============================================
===============================================
Clock cycle          14, PC = 0000002c
ra = 00000000, t0 = ffffff99, t1 = 00000399
t2 = ffffff32, t3 = ffffff99, t4 = 00000000
===============================================
===============================================
Clock cycle          15, PC = 00000030
ra = 00000000, t0 = ffffff99, t1 = ffffff10
t2 = ffffff32, t3 = ffffff99, t4 = 00000000
===============================================
===============================================
Clock cycle          16, PC = 00000034
ra = 00000000, t0 = ffffff99, t1 = 00000000
t2 = ffffff32, t3 = ffffff99, t4 = 00000000
===============================================
===============================================
Clock cycle          17, PC = 00000038
ra = 00000000, t0 = 00000000, t1 = 00000000
t2 = ffffff32, t3 = ffffff99, t4 = 00000000
===============================================
===============================================
Clock cycle          18, PC = 00000040
ra = 00000000, t0 = 00000000, t1 = 00000000
t2 = ffffff32, t3 = ffffff99, t4 = 00000000
===============================================
===============================================
Clock cycle          19, PC = 00000044
ra = 00000000, t0 = 00000000, t1 = 00000000
t2 = ffffff32, t3 = ffffff99, t4 = 00000000
===============================================
===============================================
Clock cycle          20, PC = 00000048
ra = 00000038, t0 = 00000000, t1 = 00000000
t2 = ffffff32, t3 = ffffff99, t4 = 00000000
===============================================
===============================================
Clock cycle          21, PC = 00000038
ra = 00000038, t0 = 00000000, t1 = 00000000
t2 = ffffff32, t3 = ffffff99, t4 = 00000000
===============================================
===============================================
Clock cycle          22, PC = 0000003c
ra = 00000038, t0 = 00000000, t1 = 00000000
t2 = ffffff32, t3 = ffffffbb, t4 = 00000000
===============================================
===============================================
Clock cycle          23, PC = 0000004c
ra = 00000038, t0 = 00000000, t1 = 00000000
t2 = ffffff32, t3 = ffffffbb, t4 = 00000000
===============================================
===============================================
Clock cycle          24, PC = 00000050
ra = 00000038, t0 = 00000000, t1 = 00000000
t2 = ffffff32, t3 = ffffffbb, t4 = 00000000
===============================================
===============================================
Clock cycle          25, PC = 00000054
ra = 0000003c, t0 = 00000000, t1 = 00000000
t2 = ffffff32, t3 = ffffffbb, t4 = 00000000
===============================================
===============================================
Clock cycle          26, PC = 00000058
ra = 0000003c, t0 = 00000000, t1 = 00000000
t2 = ffffff32, t3 = ffffffbb, t4 = 00000000
===============================================
===============================================
Clock cycle          27, PC = 0000005c
ra = 0000003c, t0 = 000000ac, t1 = 00000000
t2 = ffffff32, t3 = ffffffbb, t4 = 00000000
===============================================
===============================================
Clock cycle          28, PC = 00000060
ra = 0000003c, t0 = 000000ac, t1 = 00000000
t2 = ffffff32, t3 = ffffffbb, t4 = 00000000
===============================================
===============================================
Clock cycle          29, PC = 00000064
ra = 0000003c, t0 = 000000ac, t1 = 00000000
t2 = ffffff32, t3 = ffffffbb, t4 = 00000000
===============================================
===============================================
Clock cycle          30, PC = 00000068
ra = 0000003c, t0 = 000000ac, t1 = 00000000
t2 = ffffff32, t3 = ffffffbb, t4 = 00000000
===============================================
$finish called at time : 71 ns : File "E:/Document_HH/ECE370/lab4/lab4.srcs/sim_1/new/Lab4_testbench.v" Line 22
INFO: [USF-XSim-96] XSim completed. Design snapshot 'singleCycleTest_behav' loaded.
INFO: [USF-XSim-97] XSim simulation ran for 1000ns
launch_simulation: Time (s): cpu = 00:00:01 ; elapsed = 00:00:08 . Memory (MB): peak = 1661.758 ; gain = 50.910
close_sim
INFO: [Simtcl 6-16] Simulation closed
exit
INFO: [Common 17-206] Exiting Vivado at Sat Jul 12 19:01:35 2025...
