Copyright 1986-2022 Xilinx, Inc. All Rights Reserved. Copyright 2022-2023 Advanced Micro Devices, Inc. All Rights Reserved.
---------------------------------------------------------------------------------------------------------------------------------------------------------------------------------------------------------
| Tool Version : Vivado v.2023.2 (win64) Build 4029153 Fri Oct 13 20:14:34 MDT 2023
| Date         : Thu Oct 31 00:20:38 2024
| Host         : LAPTOP-258I6CH0 running 64-bit major release  (build 9200)
| Command      : report_timing_summary -max_paths 10 -report_unconstrained -file main_timing_summary_routed.rpt -pb main_timing_summary_routed.pb -rpx main_timing_summary_routed.rpx -warn_on_violation
| Design       : main
| Device       : 7a35t-cpg236
| Speed File   : -1  PRODUCTION 1.23 2018-06-13
| Design State : Routed
---------------------------------------------------------------------------------------------------------------------------------------------------------------------------------------------------------

Timing Summary Report

------------------------------------------------------------------------------------------------
| Timer Settings
| --------------
------------------------------------------------------------------------------------------------

  Enable Multi Corner Analysis               :  Yes
  Enable Pessimism Removal                   :  Yes
  Pessimism Removal Resolution               :  Nearest Common Node
  Enable Input Delay Default Clock           :  No
  Enable Preset / Clear Arcs                 :  No
  Disable Flight Delays                      :  No
  Ignore I/O Paths                           :  No
  Timing Early Launch at Borrowing Latches   :  No
  Borrow Time for Max Delay Exceptions       :  Yes
  Merge Timing Exceptions                    :  Yes
  Inter-SLR Compensation                     :  Conservative

  Corner  Analyze    Analyze    
  Name    Max Paths  Min Paths  
  ------  ---------  ---------  
  Slow    Yes        Yes        
  Fast    Yes        Yes        


------------------------------------------------------------------------------------------------
| Report Methodology
| ------------------
------------------------------------------------------------------------------------------------

Rule       Severity          Description                  Violations  
---------  ----------------  ---------------------------  ----------  
TIMING-17  Critical Warning  Non-clocked sequential cell  4           

Note: This report is based on the most recent report_methodology run and may not be up-to-date. Run report_methodology on the current design for the latest report.



check_timing report

Table of Contents
-----------------
1. checking no_clock (4)
2. checking constant_clock (0)
3. checking pulse_width_clock (0)
4. checking unconstrained_internal_endpoints (8)
5. checking no_input_delay (2)
6. checking no_output_delay (11)
7. checking multiple_clock (0)
8. checking generated_clocks (0)
9. checking loops (0)
10. checking partial_input_delay (0)
11. checking partial_output_delay (0)
12. checking latch_loops (0)

1. checking no_clock (4)
------------------------
 There are 4 register/latch pins with no clock driven by root clock pin: clk (HIGH)


2. checking constant_clock (0)
------------------------------
 There are 0 register/latch pins with constant_clock.


3. checking pulse_width_clock (0)
---------------------------------
 There are 0 register/latch pins which need pulse_width check


4. checking unconstrained_internal_endpoints (8)
------------------------------------------------
 There are 8 pins that are not constrained for maximum delay. (HIGH)

 There are 0 pins that are not constrained for maximum delay due to constant clock.


5. checking no_input_delay (2)
------------------------------
 There are 2 input ports with no input delay specified. (HIGH)

 There are 0 input ports with no input delay but user has a false path constraint.


6. checking no_output_delay (11)
--------------------------------
 There are 11 ports with no output delay specified. (HIGH)

 There are 0 ports with no output delay but user has a false path constraint

 There are 0 ports with no output delay but with a timing clock defined on it or propagating through it


7. checking multiple_clock (0)
------------------------------
 There are 0 register/latch pins with multiple clocks.


8. checking generated_clocks (0)
--------------------------------
 There are 0 generated clocks that are not connected to a clock source.


9. checking loops (0)
---------------------
 There are 0 combinational loops in the design.


10. checking partial_input_delay (0)
------------------------------------
 There are 0 input ports with partial input delay specified.


11. checking partial_output_delay (0)
-------------------------------------
 There are 0 ports with partial output delay specified.


12. checking latch_loops (0)
----------------------------
 There are 0 combinational latch loops in the design through latch input



------------------------------------------------------------------------------------------------
| Design Timing Summary
| ---------------------
------------------------------------------------------------------------------------------------

    WNS(ns)      TNS(ns)  TNS Failing Endpoints  TNS Total Endpoints      WHS(ns)      THS(ns)  THS Failing Endpoints  THS Total Endpoints     WPWS(ns)     TPWS(ns)  TPWS Failing Endpoints  TPWS Total Endpoints  
    -------      -------  ---------------------  -------------------      -------      -------  ---------------------  -------------------     --------     --------  ----------------------  --------------------  
        inf        0.000                      0                   19          inf        0.000                      0                   19           NA           NA                      NA                    NA  


There are no user specified timing constraints.


------------------------------------------------------------------------------------------------
| Clock Summary
| -------------
------------------------------------------------------------------------------------------------


------------------------------------------------------------------------------------------------
| Intra Clock Table
| -----------------
------------------------------------------------------------------------------------------------

Clock             WNS(ns)      TNS(ns)  TNS Failing Endpoints  TNS Total Endpoints      WHS(ns)      THS(ns)  THS Failing Endpoints  THS Total Endpoints     WPWS(ns)     TPWS(ns)  TPWS Failing Endpoints  TPWS Total Endpoints  
-----             -------      -------  ---------------------  -------------------      -------      -------  ---------------------  -------------------     --------     --------  ----------------------  --------------------  


------------------------------------------------------------------------------------------------
| Inter Clock Table
| -----------------
------------------------------------------------------------------------------------------------

From Clock    To Clock          WNS(ns)      TNS(ns)  TNS Failing Endpoints  TNS Total Endpoints      WHS(ns)      THS(ns)  THS Failing Endpoints  THS Total Endpoints  
----------    --------          -------      -------  ---------------------  -------------------      -------      -------  ---------------------  -------------------  


------------------------------------------------------------------------------------------------
| Other Path Groups Table
| -----------------------
------------------------------------------------------------------------------------------------

Path Group    From Clock    To Clock          WNS(ns)      TNS(ns)  TNS Failing Endpoints  TNS Total Endpoints      WHS(ns)      THS(ns)  THS Failing Endpoints  THS Total Endpoints  
----------    ----------    --------          -------      -------  ---------------------  -------------------      -------      -------  ---------------------  -------------------  


------------------------------------------------------------------------------------------------
| User Ignored Path Table
| -----------------------
------------------------------------------------------------------------------------------------

Path Group    From Clock    To Clock    
----------    ----------    --------    


------------------------------------------------------------------------------------------------
| Unconstrained Path Table
| ------------------------
------------------------------------------------------------------------------------------------

Path Group    From Clock    To Clock    
----------    ----------    --------    
(none)                                    


------------------------------------------------------------------------------------------------
| Timing Details
| --------------
------------------------------------------------------------------------------------------------


--------------------------------------------------------------------------------------
Path Group:  (none)
From Clock:  
  To Clock:  

Max Delay            19 Endpoints
Min Delay            19 Endpoints
--------------------------------------------------------------------------------------


Max Delay Paths
--------------------------------------------------------------------------------------
Slack:                    inf
  Source:                 A/count_reg[0]/C
                            (rising edge-triggered cell FDCE)
  Destination:            ssd_out[0]
                            (output port)
  Path Group:             (none)
  Path Type:              Max at Slow Process Corner
  Data Path Delay:        8.984ns  (logic 4.324ns (48.128%)  route 4.660ns (51.872%))
  Logic Levels:           3  (FDCE=1 LUT4=1 OBUF=1)

    Location             Delay type                Incr(ns)  Path(ns)    Netlist Resource(s)
  -------------------------------------------------------------------    -------------------
    SLICE_X0Y18          FDCE                         0.000     0.000 r  A/count_reg[0]/C
    SLICE_X0Y18          FDCE (Prop_fdce_C_Q)         0.456     0.456 r  A/count_reg[0]/Q
                         net (fo=12, routed)          2.795     3.251    B/Q[0]
    SLICE_X65Y18         LUT4 (Prop_lut4_I2_O)        0.154     3.405 r  B/ssd_out_OBUF[0]_inst_i_1/O
                         net (fo=1, routed)           1.865     5.270    ssd_out_OBUF[0]
    W7                   OBUF (Prop_obuf_I_O)         3.714     8.984 r  ssd_out_OBUF[0]_inst/O
                         net (fo=0)                   0.000     8.984    ssd_out[0]
    W7                                                                r  ssd_out[0] (OUT)
  -------------------------------------------------------------------    -------------------

Slack:                    inf
  Source:                 A/count_reg[0]/C
                            (rising edge-triggered cell FDCE)
  Destination:            ssd_out[2]
                            (output port)
  Path Group:             (none)
  Path Type:              Max at Slow Process Corner
  Data Path Delay:        8.857ns  (logic 4.345ns (49.061%)  route 4.511ns (50.939%))
  Logic Levels:           3  (FDCE=1 LUT4=1 OBUF=1)

    Location             Delay type                Incr(ns)  Path(ns)    Netlist Resource(s)
  -------------------------------------------------------------------    -------------------
    SLICE_X0Y18          FDCE                         0.000     0.000 r  A/count_reg[0]/C
    SLICE_X0Y18          FDCE (Prop_fdce_C_Q)         0.456     0.456 f  A/count_reg[0]/Q
                         net (fo=12, routed)          2.795     3.251    B/Q[0]
    SLICE_X65Y18         LUT4 (Prop_lut4_I1_O)        0.152     3.403 r  B/ssd_out_OBUF[2]_inst_i_1/O
                         net (fo=1, routed)           1.716     5.119    ssd_out_OBUF[2]
    U8                   OBUF (Prop_obuf_I_O)         3.737     8.857 r  ssd_out_OBUF[2]_inst/O
                         net (fo=0)                   0.000     8.857    ssd_out[2]
    U8                                                                r  ssd_out[2] (OUT)
  -------------------------------------------------------------------    -------------------

Slack:                    inf
  Source:                 A/count_reg[1]/C
                            (rising edge-triggered cell FDCE)
  Destination:            ssd_out[5]
                            (output port)
  Path Group:             (none)
  Path Type:              Max at Slow Process Corner
  Data Path Delay:        8.837ns  (logic 4.222ns (47.781%)  route 4.615ns (52.219%))
  Logic Levels:           3  (FDCE=1 LUT4=1 OBUF=1)

    Location             Delay type                Incr(ns)  Path(ns)    Netlist Resource(s)
  -------------------------------------------------------------------    -------------------
    SLICE_X0Y18          FDCE                         0.000     0.000 r  A/count_reg[1]/C
    SLICE_X0Y18          FDCE (Prop_fdce_C_Q)         0.419     0.419 r  A/count_reg[1]/Q
                         net (fo=11, routed)          2.811     3.230    B/Q[1]
    SLICE_X65Y18         LUT4 (Prop_lut4_I3_O)        0.299     3.529 r  B/ssd_out_OBUF[5]_inst_i_1/O
                         net (fo=1, routed)           1.803     5.333    ssd_out_OBUF[5]
    V5                   OBUF (Prop_obuf_I_O)         3.504     8.837 r  ssd_out_OBUF[5]_inst/O
                         net (fo=0)                   0.000     8.837    ssd_out[5]
    V5                                                                r  ssd_out[5] (OUT)
  -------------------------------------------------------------------    -------------------

Slack:                    inf
  Source:                 A/count_reg[0]/C
                            (rising edge-triggered cell FDCE)
  Destination:            ssd_out[6]
                            (output port)
  Path Group:             (none)
  Path Type:              Max at Slow Process Corner
  Data Path Delay:        8.772ns  (logic 4.111ns (46.872%)  route 4.660ns (53.128%))
  Logic Levels:           3  (FDCE=1 LUT4=1 OBUF=1)

    Location             Delay type                Incr(ns)  Path(ns)    Netlist Resource(s)
  -------------------------------------------------------------------    -------------------
    SLICE_X0Y18          FDCE                         0.000     0.000 r  A/count_reg[0]/C
    SLICE_X0Y18          FDCE (Prop_fdce_C_Q)         0.456     0.456 r  A/count_reg[0]/Q
                         net (fo=12, routed)          2.795     3.251    B/Q[0]
    SLICE_X65Y18         LUT4 (Prop_lut4_I1_O)        0.124     3.375 r  B/ssd_out_OBUF[6]_inst_i_1/O
                         net (fo=1, routed)           1.865     5.240    ssd_out_OBUF[6]
    U7                   OBUF (Prop_obuf_I_O)         3.531     8.772 r  ssd_out_OBUF[6]_inst/O
                         net (fo=0)                   0.000     8.772    ssd_out[6]
    U7                                                                r  ssd_out[6] (OUT)
  -------------------------------------------------------------------    -------------------

Slack:                    inf
  Source:                 A/count_reg[0]/C
                            (rising edge-triggered cell FDCE)
  Destination:            ssd_out[1]
                            (output port)
  Path Group:             (none)
  Path Type:              Max at Slow Process Corner
  Data Path Delay:        8.759ns  (logic 4.109ns (46.914%)  route 4.650ns (53.086%))
  Logic Levels:           3  (FDCE=1 LUT4=1 OBUF=1)

    Location             Delay type                Incr(ns)  Path(ns)    Netlist Resource(s)
  -------------------------------------------------------------------    -------------------
    SLICE_X0Y18          FDCE                         0.000     0.000 r  A/count_reg[0]/C
    SLICE_X0Y18          FDCE (Prop_fdce_C_Q)         0.456     0.456 r  A/count_reg[0]/Q
                         net (fo=12, routed)          2.795     3.251    B/Q[0]
    SLICE_X65Y18         LUT4 (Prop_lut4_I3_O)        0.124     3.375 r  B/ssd_out_OBUF[1]_inst_i_1/O
                         net (fo=1, routed)           1.855     5.230    ssd_out_OBUF[1]
    W6                   OBUF (Prop_obuf_I_O)         3.529     8.759 r  ssd_out_OBUF[1]_inst/O
                         net (fo=0)                   0.000     8.759    ssd_out[1]
    W6                                                                r  ssd_out[1] (OUT)
  -------------------------------------------------------------------    -------------------

Slack:                    inf
  Source:                 A/count_reg[2]/C
                            (rising edge-triggered cell FDCE)
  Destination:            ssd_out[4]
                            (output port)
  Path Group:             (none)
  Path Type:              Max at Slow Process Corner
  Data Path Delay:        8.615ns  (logic 4.336ns (50.330%)  route 4.279ns (49.670%))
  Logic Levels:           3  (FDCE=1 LUT4=1 OBUF=1)

    Location             Delay type                Incr(ns)  Path(ns)    Netlist Resource(s)
  -------------------------------------------------------------------    -------------------
    SLICE_X0Y18          FDCE                         0.000     0.000 r  A/count_reg[2]/C
    SLICE_X0Y18          FDCE (Prop_fdce_C_Q)         0.456     0.456 r  A/count_reg[2]/Q
                         net (fo=10, routed)          2.616     3.072    B/Q[2]
    SLICE_X65Y18         LUT4 (Prop_lut4_I2_O)        0.152     3.224 r  B/ssd_out_OBUF[4]_inst_i_1/O
                         net (fo=1, routed)           1.663     4.887    ssd_out_OBUF[4]
    U5                   OBUF (Prop_obuf_I_O)         3.728     8.615 r  ssd_out_OBUF[4]_inst/O
                         net (fo=0)                   0.000     8.615    ssd_out[4]
    U5                                                                r  ssd_out[4] (OUT)
  -------------------------------------------------------------------    -------------------

Slack:                    inf
  Source:                 A/count_reg[2]/C
                            (rising edge-triggered cell FDCE)
  Destination:            ssd_out[3]
                            (output port)
  Path Group:             (none)
  Path Type:              Max at Slow Process Corner
  Data Path Delay:        8.444ns  (logic 4.116ns (48.738%)  route 4.329ns (51.262%))
  Logic Levels:           3  (FDCE=1 LUT4=1 OBUF=1)

    Location             Delay type                Incr(ns)  Path(ns)    Netlist Resource(s)
  -------------------------------------------------------------------    -------------------
    SLICE_X0Y18          FDCE                         0.000     0.000 r  A/count_reg[2]/C
    SLICE_X0Y18          FDCE (Prop_fdce_C_Q)         0.456     0.456 r  A/count_reg[2]/Q
                         net (fo=10, routed)          2.616     3.072    B/Q[2]
    SLICE_X65Y18         LUT4 (Prop_lut4_I1_O)        0.124     3.196 r  B/ssd_out_OBUF[3]_inst_i_1/O
                         net (fo=1, routed)           1.712     4.909    ssd_out_OBUF[3]
    V8                   OBUF (Prop_obuf_I_O)         3.536     8.444 r  ssd_out_OBUF[3]_inst/O
                         net (fo=0)                   0.000     8.444    ssd_out[3]
    V8                                                                r  ssd_out[3] (OUT)
  -------------------------------------------------------------------    -------------------

Slack:                    inf
  Source:                 A/count_reg[1]/C
                            (rising edge-triggered cell FDCE)
  Destination:            led_out[1]
                            (output port)
  Path Group:             (none)
  Path Type:              Max at Slow Process Corner
  Data Path Delay:        6.688ns  (logic 4.124ns (61.658%)  route 2.564ns (38.342%))
  Logic Levels:           2  (FDCE=1 OBUF=1)

    Location             Delay type                Incr(ns)  Path(ns)    Netlist Resource(s)
  -------------------------------------------------------------------    -------------------
    SLICE_X0Y18          FDCE                         0.000     0.000 r  A/count_reg[1]/C
    SLICE_X0Y18          FDCE (Prop_fdce_C_Q)         0.419     0.419 r  A/count_reg[1]/Q
                         net (fo=11, routed)          2.564     2.983    led_out_OBUF[1]
    E19                  OBUF (Prop_obuf_I_O)         3.705     6.688 r  led_out_OBUF[1]_inst/O
                         net (fo=0)                   0.000     6.688    led_out[1]
    E19                                                               r  led_out[1] (OUT)
  -------------------------------------------------------------------    -------------------

Slack:                    inf
  Source:                 A/count_reg[0]/C
                            (rising edge-triggered cell FDCE)
  Destination:            led_out[0]
                            (output port)
  Path Group:             (none)
  Path Type:              Max at Slow Process Corner
  Data Path Delay:        6.135ns  (logic 3.961ns (64.557%)  route 2.175ns (35.443%))
  Logic Levels:           2  (FDCE=1 OBUF=1)

    Location             Delay type                Incr(ns)  Path(ns)    Netlist Resource(s)
  -------------------------------------------------------------------    -------------------
    SLICE_X0Y18          FDCE                         0.000     0.000 r  A/count_reg[0]/C
    SLICE_X0Y18          FDCE (Prop_fdce_C_Q)         0.456     0.456 r  A/count_reg[0]/Q
                         net (fo=12, routed)          2.175     2.631    led_out_OBUF[0]
    U16                  OBUF (Prop_obuf_I_O)         3.505     6.135 r  led_out_OBUF[0]_inst/O
                         net (fo=0)                   0.000     6.135    led_out[0]
    U16                                                               r  led_out[0] (OUT)
  -------------------------------------------------------------------    -------------------

Slack:                    inf
  Source:                 A/count_reg[3]/C
                            (rising edge-triggered cell FDCE)
  Destination:            led_out[3]
                            (output port)
  Path Group:             (none)
  Path Type:              Max at Slow Process Corner
  Data Path Delay:        5.803ns  (logic 4.100ns (70.649%)  route 1.703ns (29.351%))
  Logic Levels:           2  (FDCE=1 OBUF=1)

    Location             Delay type                Incr(ns)  Path(ns)    Netlist Resource(s)
  -------------------------------------------------------------------    -------------------
    SLICE_X0Y18          FDCE                         0.000     0.000 r  A/count_reg[3]/C
    SLICE_X0Y18          FDCE (Prop_fdce_C_Q)         0.419     0.419 r  A/count_reg[3]/Q
                         net (fo=9, routed)           1.703     2.122    led_out_OBUF[3]
    V19                  OBUF (Prop_obuf_I_O)         3.681     5.803 r  led_out_OBUF[3]_inst/O
                         net (fo=0)                   0.000     5.803    led_out[3]
    V19                                                               r  led_out[3] (OUT)
  -------------------------------------------------------------------    -------------------





Min Delay Paths
--------------------------------------------------------------------------------------
Slack:                    inf
  Source:                 A/count_reg[0]/C
                            (rising edge-triggered cell FDCE)
  Destination:            A/count_reg[1]/D
  Path Group:             (none)
  Path Type:              Min at Fast Process Corner
  Data Path Delay:        0.394ns  (logic 0.183ns (46.399%)  route 0.211ns (53.601%))
  Logic Levels:           2  (FDCE=1 LUT3=1)

    Location             Delay type                Incr(ns)  Path(ns)    Netlist Resource(s)
  -------------------------------------------------------------------    -------------------
    SLICE_X0Y18          FDCE                         0.000     0.000 r  A/count_reg[0]/C
    SLICE_X0Y18          FDCE (Prop_fdce_C_Q)         0.141     0.141 r  A/count_reg[0]/Q
                         net (fo=12, routed)          0.211     0.352    A/Q[0]
    SLICE_X0Y18          LUT3 (Prop_lut3_I0_O)        0.042     0.394 r  A/count[1]_i_1/O
                         net (fo=1, routed)           0.000     0.394    A/count[1]_i_1_n_0
    SLICE_X0Y18          FDCE                                         r  A/count_reg[1]/D
  -------------------------------------------------------------------    -------------------

Slack:                    inf
  Source:                 A/count_reg[0]/C
                            (rising edge-triggered cell FDCE)
  Destination:            A/count_reg[0]/D
  Path Group:             (none)
  Path Type:              Min at Fast Process Corner
  Data Path Delay:        0.397ns  (logic 0.186ns (46.804%)  route 0.211ns (53.196%))
  Logic Levels:           2  (FDCE=1 LUT1=1)

    Location             Delay type                Incr(ns)  Path(ns)    Netlist Resource(s)
  -------------------------------------------------------------------    -------------------
    SLICE_X0Y18          FDCE                         0.000     0.000 r  A/count_reg[0]/C
    SLICE_X0Y18          FDCE (Prop_fdce_C_Q)         0.141     0.141 f  A/count_reg[0]/Q
                         net (fo=12, routed)          0.211     0.352    A/Q[0]
    SLICE_X0Y18          LUT1 (Prop_lut1_I0_O)        0.045     0.397 r  A/count[0]_i_1/O
                         net (fo=1, routed)           0.000     0.397    A/count[0]_i_1_n_0
    SLICE_X0Y18          FDCE                                         r  A/count_reg[0]/D
  -------------------------------------------------------------------    -------------------

Slack:                    inf
  Source:                 A/count_reg[0]/C
                            (rising edge-triggered cell FDCE)
  Destination:            A/count_reg[2]/D
  Path Group:             (none)
  Path Type:              Min at Fast Process Corner
  Data Path Delay:        0.426ns  (logic 0.186ns (43.682%)  route 0.240ns (56.318%))
  Logic Levels:           2  (FDCE=1 LUT4=1)

    Location             Delay type                Incr(ns)  Path(ns)    Netlist Resource(s)
  -------------------------------------------------------------------    -------------------
    SLICE_X0Y18          FDCE                         0.000     0.000 r  A/count_reg[0]/C
    SLICE_X0Y18          FDCE (Prop_fdce_C_Q)         0.141     0.141 r  A/count_reg[0]/Q
                         net (fo=12, routed)          0.240     0.381    A/Q[0]
    SLICE_X0Y18          LUT4 (Prop_lut4_I0_O)        0.045     0.426 r  A/count[2]_i_1/O
                         net (fo=1, routed)           0.000     0.426    A/count[2]_i_1_n_0
    SLICE_X0Y18          FDCE                                         r  A/count_reg[2]/D
  -------------------------------------------------------------------    -------------------

Slack:                    inf
  Source:                 A/count_reg[0]/C
                            (rising edge-triggered cell FDCE)
  Destination:            A/count_reg[3]/D
  Path Group:             (none)
  Path Type:              Min at Fast Process Corner
  Data Path Delay:        0.426ns  (logic 0.186ns (43.682%)  route 0.240ns (56.318%))
  Logic Levels:           2  (FDCE=1 LUT5=1)

    Location             Delay type                Incr(ns)  Path(ns)    Netlist Resource(s)
  -------------------------------------------------------------------    -------------------
    SLICE_X0Y18          FDCE                         0.000     0.000 r  A/count_reg[0]/C
    SLICE_X0Y18          FDCE (Prop_fdce_C_Q)         0.141     0.141 r  A/count_reg[0]/Q
                         net (fo=12, routed)          0.240     0.381    A/Q[0]
    SLICE_X0Y18          LUT5 (Prop_lut5_I1_O)        0.045     0.426 r  A/count[3]_i_1/O
                         net (fo=1, routed)           0.000     0.426    A/count[3]_i_1_n_0
    SLICE_X0Y18          FDCE                                         r  A/count_reg[3]/D
  -------------------------------------------------------------------    -------------------

Slack:                    inf
  Source:                 reset
                            (input port)
  Destination:            A/count_reg[0]/CLR
  Path Group:             (none)
  Path Type:              Min at Fast Process Corner
  Data Path Delay:        0.626ns  (logic 0.219ns (35.023%)  route 0.407ns (64.977%))
  Logic Levels:           1  (IBUF=1)

    Location             Delay type                Incr(ns)  Path(ns)    Netlist Resource(s)
  -------------------------------------------------------------------    -------------------
    W19                                               0.000     0.000 f  reset (IN)
                         net (fo=0)                   0.000     0.000    reset
    W19                  IBUF (Prop_ibuf_I_O)         0.219     0.219 f  reset_IBUF_inst/O
                         net (fo=4, routed)           0.407     0.626    A/AR[0]
    SLICE_X0Y18          FDCE                                         f  A/count_reg[0]/CLR
  -------------------------------------------------------------------    -------------------

Slack:                    inf
  Source:                 reset
                            (input port)
  Destination:            A/count_reg[1]/CLR
  Path Group:             (none)
  Path Type:              Min at Fast Process Corner
  Data Path Delay:        0.626ns  (logic 0.219ns (35.023%)  route 0.407ns (64.977%))
  Logic Levels:           1  (IBUF=1)

    Location             Delay type                Incr(ns)  Path(ns)    Netlist Resource(s)
  -------------------------------------------------------------------    -------------------
    W19                                               0.000     0.000 f  reset (IN)
                         net (fo=0)                   0.000     0.000    reset
    W19                  IBUF (Prop_ibuf_I_O)         0.219     0.219 f  reset_IBUF_inst/O
                         net (fo=4, routed)           0.407     0.626    A/AR[0]
    SLICE_X0Y18          FDCE                                         f  A/count_reg[1]/CLR
  -------------------------------------------------------------------    -------------------

Slack:                    inf
  Source:                 reset
                            (input port)
  Destination:            A/count_reg[2]/CLR
  Path Group:             (none)
  Path Type:              Min at Fast Process Corner
  Data Path Delay:        0.626ns  (logic 0.219ns (35.023%)  route 0.407ns (64.977%))
  Logic Levels:           1  (IBUF=1)

    Location             Delay type                Incr(ns)  Path(ns)    Netlist Resource(s)
  -------------------------------------------------------------------    -------------------
    W19                                               0.000     0.000 f  reset (IN)
                         net (fo=0)                   0.000     0.000    reset
    W19                  IBUF (Prop_ibuf_I_O)         0.219     0.219 f  reset_IBUF_inst/O
                         net (fo=4, routed)           0.407     0.626    A/AR[0]
    SLICE_X0Y18          FDCE                                         f  A/count_reg[2]/CLR
  -------------------------------------------------------------------    -------------------

Slack:                    inf
  Source:                 reset
                            (input port)
  Destination:            A/count_reg[3]/CLR
  Path Group:             (none)
  Path Type:              Min at Fast Process Corner
  Data Path Delay:        0.626ns  (logic 0.219ns (35.023%)  route 0.407ns (64.977%))
  Logic Levels:           1  (IBUF=1)

    Location             Delay type                Incr(ns)  Path(ns)    Netlist Resource(s)
  -------------------------------------------------------------------    -------------------
    W19                                               0.000     0.000 f  reset (IN)
                         net (fo=0)                   0.000     0.000    reset
    W19                  IBUF (Prop_ibuf_I_O)         0.219     0.219 f  reset_IBUF_inst/O
                         net (fo=4, routed)           0.407     0.626    A/AR[0]
    SLICE_X0Y18          FDCE                                         f  A/count_reg[3]/CLR
  -------------------------------------------------------------------    -------------------

Slack:                    inf
  Source:                 A/count_reg[2]/C
                            (rising edge-triggered cell FDCE)
  Destination:            led_out[2]
                            (output port)
  Path Group:             (none)
  Path Type:              Min at Fast Process Corner
  Data Path Delay:        1.712ns  (logic 1.343ns (78.442%)  route 0.369ns (21.558%))
  Logic Levels:           2  (FDCE=1 OBUF=1)

    Location             Delay type                Incr(ns)  Path(ns)    Netlist Resource(s)
  -------------------------------------------------------------------    -------------------
    SLICE_X0Y18          FDCE                         0.000     0.000 r  A/count_reg[2]/C
    SLICE_X0Y18          FDCE (Prop_fdce_C_Q)         0.141     0.141 r  A/count_reg[2]/Q
                         net (fo=10, routed)          0.369     0.510    led_out_OBUF[2]
    U19                  OBUF (Prop_obuf_I_O)         1.202     1.712 r  led_out_OBUF[2]_inst/O
                         net (fo=0)                   0.000     1.712    led_out[2]
    U19                                                               r  led_out[2] (OUT)
  -------------------------------------------------------------------    -------------------

Slack:                    inf
  Source:                 A/count_reg[3]/C
                            (rising edge-triggered cell FDCE)
  Destination:            led_out[3]
                            (output port)
  Path Group:             (none)
  Path Type:              Min at Fast Process Corner
  Data Path Delay:        1.760ns  (logic 1.391ns (79.022%)  route 0.369ns (20.978%))
  Logic Levels:           2  (FDCE=1 OBUF=1)

    Location             Delay type                Incr(ns)  Path(ns)    Netlist Resource(s)
  -------------------------------------------------------------------    -------------------
    SLICE_X0Y18          FDCE                         0.000     0.000 r  A/count_reg[3]/C
    SLICE_X0Y18          FDCE (Prop_fdce_C_Q)         0.128     0.128 r  A/count_reg[3]/Q
                         net (fo=9, routed)           0.369     0.497    led_out_OBUF[3]
    V19                  OBUF (Prop_obuf_I_O)         1.263     1.760 r  led_out_OBUF[3]_inst/O
                         net (fo=0)                   0.000     1.760    led_out[3]
    V19                                                               r  led_out[3] (OUT)
  -------------------------------------------------------------------    -------------------





