Copyright 1986-2022 Xilinx, Inc. All Rights Reserved. Copyright 2022-2023 Advanced Micro Devices, Inc. All Rights Reserved.
------------------------------------------------------------------------------------------------------------------------------------------------------------------------------------------------------
| Tool Version : Vivado v.2023.2 (win64) Build 4029153 Fri Oct 13 20:14:34 MDT 2023
| Date         : Fri Dec  6 11:10:18 2024
| Host         : LAPTOP-258I6CH0 running 64-bit major release  (build 9200)
| Command      : report_timing_summary -max_paths 10 -report_unconstrained -file top_timing_summary_routed.rpt -pb top_timing_summary_routed.pb -rpx top_timing_summary_routed.rpx -warn_on_violation
| Design       : top
| Device       : 7a35t-cpg236
| Speed File   : -1  PRODUCTION 1.23 2018-06-13
| Design State : Routed
------------------------------------------------------------------------------------------------------------------------------------------------------------------------------------------------------

Timing Summary Report

------------------------------------------------------------------------------------------------
| Timer Settings
| --------------
------------------------------------------------------------------------------------------------

  Enable Multi Corner Analysis               :  Yes
  Enable Pessimism Removal                   :  Yes
  Pessimism Removal Resolution               :  Nearest Common Node
  Enable Input Delay Default Clock           :  No
  Enable Preset / Clear Arcs                 :  No
  Disable Flight Delays                      :  No
  Ignore I/O Paths                           :  No
  Timing Early Launch at Borrowing Latches   :  No
  Borrow Time for Max Delay Exceptions       :  Yes
  Merge Timing Exceptions                    :  Yes
  Inter-SLR Compensation                     :  Conservative

  Corner  Analyze    Analyze    
  Name    Max Paths  Min Paths  
  ------  ---------  ---------  
  Slow    Yes        Yes        
  Fast    Yes        Yes        


------------------------------------------------------------------------------------------------
| Report Methodology
| ------------------
------------------------------------------------------------------------------------------------

Rule       Severity          Description                  Violations  
---------  ----------------  ---------------------------  ----------  
TIMING-17  Critical Warning  Non-clocked sequential cell  192         

Note: This report is based on the most recent report_methodology run and may not be up-to-date. Run report_methodology on the current design for the latest report.



check_timing report

Table of Contents
-----------------
1. checking no_clock (192)
2. checking constant_clock (0)
3. checking pulse_width_clock (0)
4. checking unconstrained_internal_endpoints (345)
5. checking no_input_delay (7)
6. checking no_output_delay (12)
7. checking multiple_clock (0)
8. checking generated_clocks (0)
9. checking loops (0)
10. checking partial_input_delay (0)
11. checking partial_output_delay (0)
12. checking latch_loops (0)

1. checking no_clock (192)
--------------------------
 There are 50 register/latch pins with no clock driven by root clock pin: clock (HIGH)

 There are 128 register/latch pins with no clock driven by root clock pin: clockseperate/clock_2hz_reg/Q (HIGH)

 There are 14 register/latch pins with no clock driven by root clock pin: clockseperate/clock_500hz_reg/Q (HIGH)


2. checking constant_clock (0)
------------------------------
 There are 0 register/latch pins with constant_clock.


3. checking pulse_width_clock (0)
---------------------------------
 There are 0 register/latch pins which need pulse_width check


4. checking unconstrained_internal_endpoints (345)
--------------------------------------------------
 There are 345 pins that are not constrained for maximum delay. (HIGH)

 There are 0 pins that are not constrained for maximum delay due to constant clock.


5. checking no_input_delay (7)
------------------------------
 There are 7 input ports with no input delay specified. (HIGH)

 There are 0 input ports with no input delay but user has a false path constraint.


6. checking no_output_delay (12)
--------------------------------
 There are 12 ports with no output delay specified. (HIGH)

 There are 0 ports with no output delay but user has a false path constraint

 There are 0 ports with no output delay but with a timing clock defined on it or propagating through it


7. checking multiple_clock (0)
------------------------------
 There are 0 register/latch pins with multiple clocks.


8. checking generated_clocks (0)
--------------------------------
 There are 0 generated clocks that are not connected to a clock source.


9. checking loops (0)
---------------------
 There are 0 combinational loops in the design.


10. checking partial_input_delay (0)
------------------------------------
 There are 0 input ports with partial input delay specified.


11. checking partial_output_delay (0)
-------------------------------------
 There are 0 ports with partial output delay specified.


12. checking latch_loops (0)
----------------------------
 There are 0 combinational latch loops in the design through latch input



------------------------------------------------------------------------------------------------
| Design Timing Summary
| ---------------------
------------------------------------------------------------------------------------------------

    WNS(ns)      TNS(ns)  TNS Failing Endpoints  TNS Total Endpoints      WHS(ns)      THS(ns)  THS Failing Endpoints  THS Total Endpoints     WPWS(ns)     TPWS(ns)  TPWS Failing Endpoints  TPWS Total Endpoints  
    -------      -------  ---------------------  -------------------      -------      -------  ---------------------  -------------------     --------     --------  ----------------------  --------------------  
        inf        0.000                      0                  357          inf        0.000                      0                  357           NA           NA                      NA                    NA  


There are no user specified timing constraints.


------------------------------------------------------------------------------------------------
| Clock Summary
| -------------
------------------------------------------------------------------------------------------------


------------------------------------------------------------------------------------------------
| Intra Clock Table
| -----------------
------------------------------------------------------------------------------------------------

Clock             WNS(ns)      TNS(ns)  TNS Failing Endpoints  TNS Total Endpoints      WHS(ns)      THS(ns)  THS Failing Endpoints  THS Total Endpoints     WPWS(ns)     TPWS(ns)  TPWS Failing Endpoints  TPWS Total Endpoints  
-----             -------      -------  ---------------------  -------------------      -------      -------  ---------------------  -------------------     --------     --------  ----------------------  --------------------  


------------------------------------------------------------------------------------------------
| Inter Clock Table
| -----------------
------------------------------------------------------------------------------------------------

From Clock    To Clock          WNS(ns)      TNS(ns)  TNS Failing Endpoints  TNS Total Endpoints      WHS(ns)      THS(ns)  THS Failing Endpoints  THS Total Endpoints  
----------    --------          -------      -------  ---------------------  -------------------      -------      -------  ---------------------  -------------------  


------------------------------------------------------------------------------------------------
| Other Path Groups Table
| -----------------------
------------------------------------------------------------------------------------------------

Path Group    From Clock    To Clock          WNS(ns)      TNS(ns)  TNS Failing Endpoints  TNS Total Endpoints      WHS(ns)      THS(ns)  THS Failing Endpoints  THS Total Endpoints  
----------    ----------    --------          -------      -------  ---------------------  -------------------      -------      -------  ---------------------  -------------------  


------------------------------------------------------------------------------------------------
| User Ignored Path Table
| -----------------------
------------------------------------------------------------------------------------------------

Path Group    From Clock    To Clock    
----------    ----------    --------    


------------------------------------------------------------------------------------------------
| Unconstrained Path Table
| ------------------------
------------------------------------------------------------------------------------------------

Path Group    From Clock    To Clock    
----------    ----------    --------    
(none)                                    


------------------------------------------------------------------------------------------------
| Timing Details
| --------------
------------------------------------------------------------------------------------------------


--------------------------------------------------------------------------------------
Path Group:  (none)
From Clock:  
  To Clock:  

Max Delay           357 Endpoints
Min Delay           357 Endpoints
--------------------------------------------------------------------------------------


Max Delay Paths
--------------------------------------------------------------------------------------
Slack:                    inf
  Source:                 clockseperate/t1_reg[20]/C
                            (rising edge-triggered cell FDRE)
  Destination:            clockseperate/clock_500hz_reg/D
  Path Group:             (none)
  Path Type:              Max at Slow Process Corner
  Data Path Delay:        19.637ns  (logic 7.103ns (36.172%)  route 12.534ns (63.828%))
  Logic Levels:           23  (CARRY4=9 FDRE=1 LUT2=2 LUT3=3 LUT4=4 LUT5=2 LUT6=2)

    Location             Delay type                Incr(ns)  Path(ns)    Netlist Resource(s)
  -------------------------------------------------------------------    -------------------
    SLICE_X40Y26         FDRE                         0.000     0.000 r  clockseperate/t1_reg[20]/C
    SLICE_X40Y26         FDRE (Prop_fdre_C_Q)         0.456     0.456 f  clockseperate/t1_reg[20]/Q
                         net (fo=28, routed)          2.060     2.516    clockseperate/t1_reg[20]
    SLICE_X42Y27         LUT3 (Prop_lut3_I1_O)        0.150     2.666 r  clockseperate/clock_500hz1__0_carry__4_i_3/O
                         net (fo=2, routed)           0.857     3.523    clockseperate/clock_500hz1__0_carry__4_i_3_n_0
    SLICE_X42Y27         LUT4 (Prop_lut4_I3_O)        0.328     3.851 r  clockseperate/clock_500hz1__0_carry__4_i_7/O
                         net (fo=1, routed)           0.000     3.851    clockseperate/clock_500hz1__0_carry__4_i_7_n_0
    SLICE_X42Y27         CARRY4 (Prop_carry4_S[1]_CO[3])
                                                      0.533     4.384 r  clockseperate/clock_500hz1__0_carry__4/CO[3]
                         net (fo=1, routed)           0.000     4.384    clockseperate/clock_500hz1__0_carry__4_n_0
    SLICE_X42Y28         CARRY4 (Prop_carry4_CI_O[1])
                                                      0.323     4.707 r  clockseperate/clock_500hz1__0_carry__5/O[1]
                         net (fo=3, routed)           1.124     5.831    clockseperate/clock_500hz1__0_carry__5_n_6
    SLICE_X46Y26         LUT3 (Prop_lut3_I1_O)        0.306     6.137 f  clockseperate/clock_500hz1__198_carry__4_i_12/O
                         net (fo=2, routed)           0.669     6.806    clockseperate/clock_500hz1__198_carry__4_i_12_n_0
    SLICE_X46Y27         LUT5 (Prop_lut5_I3_O)        0.124     6.930 r  clockseperate/clock_500hz1__198_carry__5_i_4/O
                         net (fo=2, routed)           0.841     7.770    clockseperate/clock_500hz1__198_carry__5_i_4_n_0
    SLICE_X45Y28         LUT6 (Prop_lut6_I0_O)        0.124     7.894 r  clockseperate/clock_500hz1__198_carry__5_i_8/O
                         net (fo=1, routed)           0.000     7.894    clockseperate/clock_500hz1__198_carry__5_i_8_n_0
    SLICE_X45Y28         CARRY4 (Prop_carry4_S[0]_CO[3])
                                                      0.532     8.426 r  clockseperate/clock_500hz1__198_carry__5/CO[3]
                         net (fo=1, routed)           0.000     8.426    clockseperate/clock_500hz1__198_carry__5_n_0
    SLICE_X45Y29         CARRY4 (Prop_carry4_CI_O[1])
                                                      0.334     8.760 r  clockseperate/clock_500hz1__198_carry__6/O[1]
                         net (fo=9, routed)           1.114     9.874    clockseperate/clock_500hz1__198_carry__6_n_6
    SLICE_X46Y29         LUT3 (Prop_lut3_I1_O)        0.332    10.206 r  clockseperate/clock_500hz1__284_carry__0_i_1/O
                         net (fo=2, routed)           0.708    10.914    clockseperate/clock_500hz1__284_carry__0_i_1_n_0
    SLICE_X46Y29         LUT4 (Prop_lut4_I3_O)        0.331    11.245 r  clockseperate/clock_500hz1__284_carry__0_i_5/O
                         net (fo=1, routed)           0.000    11.245    clockseperate/clock_500hz1__284_carry__0_i_5_n_0
    SLICE_X46Y29         CARRY4 (Prop_carry4_S[3]_CO[3])
                                                      0.376    11.621 r  clockseperate/clock_500hz1__284_carry__0/CO[3]
                         net (fo=1, routed)           0.000    11.621    clockseperate/clock_500hz1__284_carry__0_n_0
    SLICE_X46Y30         CARRY4 (Prop_carry4_CI_O[1])
                                                      0.323    11.944 r  clockseperate/clock_500hz1__284_carry__1/O[1]
                         net (fo=2, routed)           0.697    12.641    clockseperate/clock_500hz1__284_carry__1_n_6
    SLICE_X47Y30         LUT2 (Prop_lut2_I0_O)        0.302    12.943 r  clockseperate/clock_500hz1__318_carry__0_i_1/O
                         net (fo=2, routed)           0.690    13.633    clockseperate/clock_500hz1__318_carry__0_i_1_n_0
    SLICE_X47Y30         LUT4 (Prop_lut4_I0_O)        0.327    13.960 r  clockseperate/clock_500hz1__318_carry__0_i_2/O
                         net (fo=1, routed)           0.000    13.960    clockseperate/clock_500hz1__318_carry__0_i_2_n_0
    SLICE_X47Y30         CARRY4 (Prop_carry4_S[3]_O[3])
                                                      0.248    14.208 r  clockseperate/clock_500hz1__318_carry__0/O[3]
                         net (fo=1, routed)           0.957    15.165    clockseperate/clock_500hz1__318_carry__0_n_4
    SLICE_X43Y28         LUT2 (Prop_lut2_I1_O)        0.306    15.471 r  clockseperate/clock_500hz1__342_carry__3_i_2/O
                         net (fo=1, routed)           0.000    15.471    clockseperate/clock_500hz1__342_carry__3_i_2_n_0
    SLICE_X43Y28         CARRY4 (Prop_carry4_S[0]_O[0])
                                                      0.247    15.718 r  clockseperate/clock_500hz1__342_carry__3/O[0]
                         net (fo=2, routed)           0.780    16.498    clockseperate/clock_500hz1__342_carry__3_n_7
    SLICE_X47Y27         CARRY4 (Prop_carry4_S[3]_O[3])
                                                      0.547    17.045 f  clockseperate/clock_500hz1__389_carry__1/O[3]
                         net (fo=1, routed)           0.982    18.027    clockseperate/clock_500hz1__389_carry__1_n_4
    SLICE_X47Y24         LUT4 (Prop_lut4_I2_O)        0.306    18.333 f  clockseperate/clock_500hz_i_7/O
                         net (fo=1, routed)           0.620    18.953    clockseperate/clock_500hz_i_7_n_0
    SLICE_X46Y25         LUT6 (Prop_lut6_I4_O)        0.124    19.077 r  clockseperate/clock_500hz_i_4/O
                         net (fo=1, routed)           0.435    19.513    clockseperate/clock_500hz_i_4_n_0
    SLICE_X47Y23         LUT5 (Prop_lut5_I3_O)        0.124    19.637 r  clockseperate/clock_500hz_i_1/O
                         net (fo=1, routed)           0.000    19.637    clockseperate/clock_500hz_i_1_n_0
    SLICE_X47Y23         FDRE                                         r  clockseperate/clock_500hz_reg/D
  -------------------------------------------------------------------    -------------------

Slack:                    inf
  Source:                 clockseperate/t1_reg[5]/C
                            (rising edge-triggered cell FDRE)
  Destination:            clockseperate/clock_2hz_reg/D
  Path Group:             (none)
  Path Type:              Max at Slow Process Corner
  Data Path Delay:        17.996ns  (logic 6.982ns (38.797%)  route 11.014ns (61.203%))
  Logic Levels:           25  (CARRY4=12 FDRE=1 LUT1=1 LUT2=1 LUT3=4 LUT4=1 LUT5=2 LUT6=3)

    Location             Delay type                Incr(ns)  Path(ns)    Netlist Resource(s)
  -------------------------------------------------------------------    -------------------
    SLICE_X40Y22         FDRE                         0.000     0.000 r  clockseperate/t1_reg[5]/C
    SLICE_X40Y22         FDRE (Prop_fdre_C_Q)         0.456     0.456 r  clockseperate/t1_reg[5]/Q
                         net (fo=29, routed)          1.507     1.963    clockseperate/t1_reg[5]
    SLICE_X39Y21         LUT3 (Prop_lut3_I2_O)        0.124     2.087 r  clockseperate/clock_2hz1__4_carry__1_i_11/O
                         net (fo=2, routed)           0.676     2.763    clockseperate/clock_2hz1__4_carry__1_i_11_n_0
    SLICE_X39Y21         LUT5 (Prop_lut5_I4_O)        0.124     2.887 r  clockseperate/clock_2hz1__4_carry__1_i_3/O
                         net (fo=2, routed)           1.109     3.996    clockseperate/clock_2hz1__4_carry__1_i_3_n_0
    SLICE_X38Y21         LUT6 (Prop_lut6_I0_O)        0.124     4.120 r  clockseperate/clock_2hz1__4_carry__1_i_7/O
                         net (fo=1, routed)           0.000     4.120    clockseperate/clock_2hz1__4_carry__1_i_7_n_0
    SLICE_X38Y21         CARRY4 (Prop_carry4_S[1]_CO[3])
                                                      0.533     4.653 r  clockseperate/clock_2hz1__4_carry__1/CO[3]
                         net (fo=1, routed)           0.000     4.653    clockseperate/clock_2hz1__4_carry__1_n_0
    SLICE_X38Y22         CARRY4 (Prop_carry4_CI_CO[3])
                                                      0.117     4.770 r  clockseperate/clock_2hz1__4_carry__2/CO[3]
                         net (fo=1, routed)           0.000     4.770    clockseperate/clock_2hz1__4_carry__2_n_0
    SLICE_X38Y23         CARRY4 (Prop_carry4_CI_CO[3])
                                                      0.117     4.887 r  clockseperate/clock_2hz1__4_carry__3/CO[3]
                         net (fo=1, routed)           0.000     4.887    clockseperate/clock_2hz1__4_carry__3_n_0
    SLICE_X38Y24         CARRY4 (Prop_carry4_CI_CO[3])
                                                      0.117     5.004 r  clockseperate/clock_2hz1__4_carry__4/CO[3]
                         net (fo=1, routed)           0.009     5.013    clockseperate/clock_2hz1__4_carry__4_n_0
    SLICE_X38Y25         CARRY4 (Prop_carry4_CI_CO[3])
                                                      0.117     5.130 r  clockseperate/clock_2hz1__4_carry__5/CO[3]
                         net (fo=1, routed)           0.000     5.130    clockseperate/clock_2hz1__4_carry__5_n_0
    SLICE_X38Y26         CARRY4 (Prop_carry4_CI_O[3])
                                                      0.315     5.445 r  clockseperate/clock_2hz1__4_carry__6/O[3]
                         net (fo=18, routed)          1.316     6.761    clockseperate/clock_2hz1__4_carry__6_n_4
    SLICE_X39Y31         LUT3 (Prop_lut3_I2_O)        0.336     7.097 r  clockseperate/clock_2hz1__78_carry_i_1/O
                         net (fo=10, routed)          0.858     7.955    clockseperate/clock_2hz1__78_carry_i_1_n_0
    SLICE_X39Y29         LUT3 (Prop_lut3_I0_O)        0.327     8.282 r  clockseperate/clock_2hz1__78_carry_i_3/O
                         net (fo=1, routed)           0.000     8.282    clockseperate/clock_2hz1__78_carry_i_3_n_0
    SLICE_X39Y29         CARRY4 (Prop_carry4_S[3]_CO[3])
                                                      0.401     8.683 r  clockseperate/clock_2hz1__78_carry/CO[3]
                         net (fo=1, routed)           0.000     8.683    clockseperate/clock_2hz1__78_carry_n_0
    SLICE_X39Y30         CARRY4 (Prop_carry4_CI_O[2])
                                                      0.239     8.922 r  clockseperate/clock_2hz1__78_carry__0/O[2]
                         net (fo=2, routed)           0.800     9.721    clockseperate/clock_2hz1__78_carry__0_n_5
    SLICE_X38Y30         LUT3 (Prop_lut3_I2_O)        0.331    10.052 r  clockseperate/clock_2hz1__139_carry__0_i_1/O
                         net (fo=2, routed)           0.819    10.871    clockseperate/clock_2hz1__139_carry__0_i_1_n_0
    SLICE_X38Y30         LUT4 (Prop_lut4_I3_O)        0.331    11.202 r  clockseperate/clock_2hz1__139_carry__0_i_5/O
                         net (fo=1, routed)           0.000    11.202    clockseperate/clock_2hz1__139_carry__0_i_5_n_0
    SLICE_X38Y30         CARRY4 (Prop_carry4_S[3]_CO[3])
                                                      0.376    11.578 r  clockseperate/clock_2hz1__139_carry__0/CO[3]
                         net (fo=1, routed)           0.000    11.578    clockseperate/clock_2hz1__139_carry__0_n_0
    SLICE_X38Y31         CARRY4 (Prop_carry4_CI_O[1])
                                                      0.323    11.901 r  clockseperate/clock_2hz1__139_carry__1/O[1]
                         net (fo=1, routed)           0.714    12.615    clockseperate/clock_2hz1__139_carry__1_n_6
    SLICE_X37Y29         LUT2 (Prop_lut2_I1_O)        0.306    12.921 r  clockseperate/clock_2hz1__178_carry__4_i_3/O
                         net (fo=1, routed)           0.000    12.921    clockseperate/clock_2hz1__178_carry__4_i_3_n_0
    SLICE_X37Y29         CARRY4 (Prop_carry4_S[1]_O[3])
                                                      0.640    13.561 f  clockseperate/clock_2hz1__178_carry__4/O[3]
                         net (fo=2, routed)           0.989    14.550    clockseperate/clock_2hz1__178_carry__4_n_4
    SLICE_X33Y30         LUT1 (Prop_lut1_I0_O)        0.306    14.856 r  clockseperate/clock_2hz1__248_carry__3_i_2/O
                         net (fo=1, routed)           0.000    14.856    clockseperate/clock_2hz1__248_carry__3_i_2_n_0
    SLICE_X33Y30         CARRY4 (Prop_carry4_S[1]_CO[3])
                                                      0.550    15.406 f  clockseperate/clock_2hz1__248_carry__3/CO[3]
                         net (fo=4, routed)           1.442    16.848    clockseperate/clock_2hz1__248_carry__3_n_0
    SLICE_X34Y27         LUT6 (Prop_lut6_I1_O)        0.124    16.972 f  clockseperate/clock_2hz_i_7/O
                         net (fo=1, routed)           0.286    17.259    clockseperate/clock_2hz_i_7_n_0
    SLICE_X34Y27         LUT5 (Prop_lut5_I4_O)        0.124    17.383 r  clockseperate/clock_2hz_i_2/O
                         net (fo=1, routed)           0.490    17.872    clockseperate/clock_2hz_i_2_n_0
    SLICE_X34Y28         LUT6 (Prop_lut6_I0_O)        0.124    17.996 r  clockseperate/clock_2hz_i_1/O
                         net (fo=1, routed)           0.000    17.996    clockseperate/clock_2hz_i_1_n_0
    SLICE_X34Y28         FDRE                                         r  clockseperate/clock_2hz_reg/D
  -------------------------------------------------------------------    -------------------

Slack:                    inf
  Source:                 rnow/t1_reg[13]/C
                            (rising edge-triggered cell FDRE)
  Destination:            rnow/shift_data2_reg[46]/D
  Path Group:             (none)
  Path Type:              Max at Slow Process Corner
  Data Path Delay:        12.864ns  (logic 2.213ns (17.203%)  route 10.651ns (82.797%))
  Logic Levels:           10  (FDRE=1 LUT2=2 LUT3=1 LUT4=1 LUT5=1 LUT6=4)

    Location             Delay type                Incr(ns)  Path(ns)    Netlist Resource(s)
  -------------------------------------------------------------------    -------------------
    SLICE_X59Y11         FDRE                         0.000     0.000 r  rnow/t1_reg[13]/C
    SLICE_X59Y11         FDRE (Prop_fdre_C_Q)         0.419     0.419 f  rnow/t1_reg[13]/Q
                         net (fo=6, routed)           0.843     1.262    rnow/t1[13]
    SLICE_X62Y11         LUT2 (Prop_lut2_I0_O)        0.296     1.558 f  rnow/shift_data2[47]_i_11/O
                         net (fo=1, routed)           0.824     2.381    rnow/shift_data2[47]_i_11_n_0
    SLICE_X59Y11         LUT6 (Prop_lut6_I5_O)        0.124     2.505 f  rnow/shift_data2[47]_i_9/O
                         net (fo=2, routed)           0.805     3.310    rnow/shift_data2[47]_i_9_n_0
    SLICE_X59Y12         LUT6 (Prop_lut6_I5_O)        0.124     3.434 r  rnow/shift_data2[47]_i_4/O
                         net (fo=153, routed)         2.783     6.217    rnow/shift_data2[47]_i_4_n_0
    SLICE_X55Y4          LUT3 (Prop_lut3_I1_O)        0.150     6.367 f  rnow/shift_data2[26]_i_2/O
                         net (fo=11, routed)          1.247     7.614    rnow/shift_data2[26]_i_2_n_0
    SLICE_X58Y5          LUT6 (Prop_lut6_I1_O)        0.326     7.940 f  rnow/shift_data2[28]_i_2/O
                         net (fo=3, routed)           1.246     9.186    rnow/shift_data2[28]_i_2_n_0
    SLICE_X56Y6          LUT4 (Prop_lut4_I3_O)        0.150     9.336 f  rnow/shift_data2[37]_i_10/O
                         net (fo=4, routed)           0.679    10.015    rnow/shift_data2[37]_i_10_n_0
    SLICE_X57Y7          LUT6 (Prop_lut6_I2_O)        0.348    10.363 f  rnow/shift_data2[37]_i_5/O
                         net (fo=5, routed)           0.538    10.901    rnow/shift_data2[37]_i_5_n_0
    SLICE_X61Y7          LUT5 (Prop_lut5_I2_O)        0.124    11.025 r  rnow/shift_data2[46]_i_3/O
                         net (fo=12, routed)          1.156    12.181    rnow/shift_data2[46]_i_3_n_0
    SLICE_X59Y6          LUT2 (Prop_lut2_I1_O)        0.152    12.333 r  rnow/shift_data2[46]_i_1/O
                         net (fo=1, routed)           0.531    12.864    rnow/shift_data2[46]_i_1_n_0
    SLICE_X60Y5          FDSE                                         r  rnow/shift_data2_reg[46]/D
  -------------------------------------------------------------------    -------------------

Slack:                    inf
  Source:                 rnow/t1_reg[13]/C
                            (rising edge-triggered cell FDRE)
  Destination:            rnow/shift_data2_reg[4]/D
  Path Group:             (none)
  Path Type:              Max at Slow Process Corner
  Data Path Delay:        12.777ns  (logic 2.185ns (17.102%)  route 10.592ns (82.898%))
  Logic Levels:           10  (FDRE=1 LUT2=1 LUT3=1 LUT4=2 LUT5=1 LUT6=4)

    Location             Delay type                Incr(ns)  Path(ns)    Netlist Resource(s)
  -------------------------------------------------------------------    -------------------
    SLICE_X59Y11         FDRE                         0.000     0.000 r  rnow/t1_reg[13]/C
    SLICE_X59Y11         FDRE (Prop_fdre_C_Q)         0.419     0.419 f  rnow/t1_reg[13]/Q
                         net (fo=6, routed)           0.843     1.262    rnow/t1[13]
    SLICE_X62Y11         LUT2 (Prop_lut2_I0_O)        0.296     1.558 f  rnow/shift_data2[47]_i_11/O
                         net (fo=1, routed)           0.824     2.381    rnow/shift_data2[47]_i_11_n_0
    SLICE_X59Y11         LUT6 (Prop_lut6_I5_O)        0.124     2.505 f  rnow/shift_data2[47]_i_9/O
                         net (fo=2, routed)           0.805     3.310    rnow/shift_data2[47]_i_9_n_0
    SLICE_X59Y12         LUT6 (Prop_lut6_I5_O)        0.124     3.434 r  rnow/shift_data2[47]_i_4/O
                         net (fo=153, routed)         2.783     6.217    rnow/shift_data2[47]_i_4_n_0
    SLICE_X55Y4          LUT3 (Prop_lut3_I1_O)        0.150     6.367 f  rnow/shift_data2[26]_i_2/O
                         net (fo=11, routed)          1.247     7.614    rnow/shift_data2[26]_i_2_n_0
    SLICE_X58Y5          LUT6 (Prop_lut6_I1_O)        0.326     7.940 f  rnow/shift_data2[28]_i_2/O
                         net (fo=3, routed)           1.246     9.186    rnow/shift_data2[28]_i_2_n_0
    SLICE_X56Y6          LUT4 (Prop_lut4_I3_O)        0.150     9.336 f  rnow/shift_data2[37]_i_10/O
                         net (fo=4, routed)           0.700    10.036    rnow/shift_data2[37]_i_10_n_0
    SLICE_X56Y6          LUT4 (Prop_lut4_I0_O)        0.348    10.384 f  rnow/shift_data2[16]_i_7/O
                         net (fo=2, routed)           1.056    11.440    rnow/shift_data2[16]_i_7_n_0
    SLICE_X58Y7          LUT5 (Prop_lut5_I3_O)        0.124    11.564 f  rnow/shift_data2[16]_i_3/O
                         net (fo=2, routed)           1.089    12.653    rnow/shift_data2[16]_i_3_n_0
    SLICE_X57Y9          LUT6 (Prop_lut6_I4_O)        0.124    12.777 r  rnow/shift_data2[4]_i_1/O
                         net (fo=1, routed)           0.000    12.777    rnow/shift_data2[4]_i_1_n_0
    SLICE_X57Y9          FDSE                                         r  rnow/shift_data2_reg[4]/D
  -------------------------------------------------------------------    -------------------

Slack:                    inf
  Source:                 rnow/t1_reg[1]/C
                            (rising edge-triggered cell FDRE)
  Destination:            rnow/number1_reg[1]/D
  Path Group:             (none)
  Path Type:              Max at Slow Process Corner
  Data Path Delay:        12.537ns  (logic 3.074ns (24.519%)  route 9.463ns (75.481%))
  Logic Levels:           15  (CARRY4=7 FDRE=1 LUT4=1 LUT5=2 LUT6=4)

    Location             Delay type                Incr(ns)  Path(ns)    Netlist Resource(s)
  -------------------------------------------------------------------    -------------------
    SLICE_X59Y9          FDRE                         0.000     0.000 r  rnow/t1_reg[1]/C
    SLICE_X59Y9          FDRE (Prop_fdre_C_Q)         0.419     0.419 r  rnow/t1_reg[1]/Q
                         net (fo=75, routed)          0.655     1.074    rnow/t1[1]
    SLICE_X60Y9          CARRY4 (Prop_carry4_S[0]_CO[3])
                                                      0.812     1.886 r  rnow/t1_reg[1]_i_2/CO[3]
                         net (fo=1, routed)           0.000     1.886    rnow/t1_reg[1]_i_2_n_0
    SLICE_X60Y10         CARRY4 (Prop_carry4_CI_CO[3])
                                                      0.117     2.003 r  rnow/shift_data2_reg[38]_i_14/CO[3]
                         net (fo=1, routed)           0.000     2.003    rnow/shift_data2_reg[38]_i_14_n_0
    SLICE_X60Y11         CARRY4 (Prop_carry4_CI_CO[3])
                                                      0.117     2.120 r  rnow/shift_data2_reg[38]_i_12/CO[3]
                         net (fo=1, routed)           0.000     2.120    rnow/shift_data2_reg[38]_i_12_n_0
    SLICE_X60Y12         CARRY4 (Prop_carry4_CI_CO[3])
                                                      0.117     2.237 r  rnow/shift_data2_reg[38]_i_15/CO[3]
                         net (fo=1, routed)           0.000     2.237    rnow/shift_data2_reg[38]_i_15_n_0
    SLICE_X60Y13         CARRY4 (Prop_carry4_CI_CO[3])
                                                      0.117     2.354 r  rnow/shift_data2_reg[38]_i_18/CO[3]
                         net (fo=1, routed)           0.000     2.354    rnow/shift_data2_reg[38]_i_18_n_0
    SLICE_X60Y14         CARRY4 (Prop_carry4_CI_CO[3])
                                                      0.117     2.471 r  rnow/shift_data2_reg[38]_i_16/CO[3]
                         net (fo=1, routed)           0.000     2.471    rnow/shift_data2_reg[38]_i_16_n_0
    SLICE_X60Y15         CARRY4 (Prop_carry4_CI_O[0])
                                                      0.219     2.690 r  rnow/shift_data2_reg[38]_i_13/O[0]
                         net (fo=1, routed)           0.740     3.429    rnow/shift_data11[27]
    SLICE_X62Y12         LUT4 (Prop_lut4_I1_O)        0.295     3.724 r  rnow/shift_data2[38]_i_7/O
                         net (fo=1, routed)           0.763     4.488    rnow/shift_data2[38]_i_7_n_0
    SLICE_X62Y13         LUT6 (Prop_lut6_I1_O)        0.124     4.612 r  rnow/shift_data2[38]_i_4/O
                         net (fo=59, routed)          2.608     7.220    rnow/shift_data2[38]_i_4_n_0
    SLICE_X54Y5          LUT5 (Prop_lut5_I3_O)        0.124     7.344 f  rnow/shift_data1[25]_i_1/O
                         net (fo=2, routed)           0.829     8.172    rnow/shift_data1[25]_i_1_n_0
    SLICE_X56Y5          LUT6 (Prop_lut6_I5_O)        0.124     8.296 f  rnow/shift_data1[20]_i_10/O
                         net (fo=3, routed)           1.101     9.398    rnow/shift_data1[20]_i_10_n_0
    SLICE_X54Y3          LUT5 (Prop_lut5_I4_O)        0.124     9.522 f  rnow/shift_data1[46]_i_6/O
                         net (fo=2, routed)           1.013    10.535    rnow/shift_data1[46]_i_6_n_0
    SLICE_X56Y3          LUT6 (Prop_lut6_I1_O)        0.124    10.659 r  rnow/shift_data1[46]_i_3/O
                         net (fo=23, routed)          1.754    12.413    rnow/shift_data1[46]_i_3_n_0
    SLICE_X58Y8          LUT6 (Prop_lut6_I4_O)        0.124    12.537 r  rnow/number1[1]_i_1/O
                         net (fo=1, routed)           0.000    12.537    rnow/number1[1]_i_1_n_0
    SLICE_X58Y8          FDRE                                         r  rnow/number1_reg[1]/D
  -------------------------------------------------------------------    -------------------

Slack:                    inf
  Source:                 rnow/t1_reg[1]/C
                            (rising edge-triggered cell FDRE)
  Destination:            rnow/number4_reg[1]/D
  Path Group:             (none)
  Path Type:              Max at Slow Process Corner
  Data Path Delay:        12.484ns  (logic 3.074ns (24.623%)  route 9.410ns (75.377%))
  Logic Levels:           15  (CARRY4=7 FDRE=1 LUT4=2 LUT5=2 LUT6=3)

    Location             Delay type                Incr(ns)  Path(ns)    Netlist Resource(s)
  -------------------------------------------------------------------    -------------------
    SLICE_X59Y9          FDRE                         0.000     0.000 r  rnow/t1_reg[1]/C
    SLICE_X59Y9          FDRE (Prop_fdre_C_Q)         0.419     0.419 r  rnow/t1_reg[1]/Q
                         net (fo=75, routed)          0.655     1.074    rnow/t1[1]
    SLICE_X60Y9          CARRY4 (Prop_carry4_S[0]_CO[3])
                                                      0.812     1.886 r  rnow/t1_reg[1]_i_2/CO[3]
                         net (fo=1, routed)           0.000     1.886    rnow/t1_reg[1]_i_2_n_0
    SLICE_X60Y10         CARRY4 (Prop_carry4_CI_CO[3])
                                                      0.117     2.003 r  rnow/shift_data2_reg[38]_i_14/CO[3]
                         net (fo=1, routed)           0.000     2.003    rnow/shift_data2_reg[38]_i_14_n_0
    SLICE_X60Y11         CARRY4 (Prop_carry4_CI_CO[3])
                                                      0.117     2.120 r  rnow/shift_data2_reg[38]_i_12/CO[3]
                         net (fo=1, routed)           0.000     2.120    rnow/shift_data2_reg[38]_i_12_n_0
    SLICE_X60Y12         CARRY4 (Prop_carry4_CI_CO[3])
                                                      0.117     2.237 r  rnow/shift_data2_reg[38]_i_15/CO[3]
                         net (fo=1, routed)           0.000     2.237    rnow/shift_data2_reg[38]_i_15_n_0
    SLICE_X60Y13         CARRY4 (Prop_carry4_CI_CO[3])
                                                      0.117     2.354 r  rnow/shift_data2_reg[38]_i_18/CO[3]
                         net (fo=1, routed)           0.000     2.354    rnow/shift_data2_reg[38]_i_18_n_0
    SLICE_X60Y14         CARRY4 (Prop_carry4_CI_CO[3])
                                                      0.117     2.471 r  rnow/shift_data2_reg[38]_i_16/CO[3]
                         net (fo=1, routed)           0.000     2.471    rnow/shift_data2_reg[38]_i_16_n_0
    SLICE_X60Y15         CARRY4 (Prop_carry4_CI_O[0])
                                                      0.219     2.690 f  rnow/shift_data2_reg[38]_i_13/O[0]
                         net (fo=1, routed)           0.740     3.429    rnow/shift_data11[27]
    SLICE_X62Y12         LUT4 (Prop_lut4_I1_O)        0.295     3.724 f  rnow/shift_data2[38]_i_7/O
                         net (fo=1, routed)           0.763     4.488    rnow/shift_data2[38]_i_7_n_0
    SLICE_X62Y13         LUT6 (Prop_lut6_I1_O)        0.124     4.612 f  rnow/shift_data2[38]_i_4/O
                         net (fo=59, routed)          2.608     7.220    rnow/shift_data2[38]_i_4_n_0
    SLICE_X54Y5          LUT5 (Prop_lut5_I3_O)        0.124     7.344 r  rnow/shift_data1[25]_i_1/O
                         net (fo=2, routed)           0.829     8.172    rnow/shift_data1[25]_i_1_n_0
    SLICE_X56Y5          LUT6 (Prop_lut6_I5_O)        0.124     8.296 r  rnow/shift_data1[20]_i_10/O
                         net (fo=3, routed)           1.101     9.398    rnow/shift_data1[20]_i_10_n_0
    SLICE_X54Y3          LUT5 (Prop_lut5_I4_O)        0.124     9.522 r  rnow/shift_data1[46]_i_6/O
                         net (fo=2, routed)           1.013    10.535    rnow/shift_data1[46]_i_6_n_0
    SLICE_X56Y3          LUT6 (Prop_lut6_I1_O)        0.124    10.659 f  rnow/shift_data1[46]_i_3/O
                         net (fo=23, routed)          1.702    12.360    rnow/shift_data1[46]_i_3_n_0
    SLICE_X62Y8          LUT4 (Prop_lut4_I1_O)        0.124    12.484 r  rnow/number4[1]_i_1/O
                         net (fo=1, routed)           0.000    12.484    rnow/number4[1]_i_1_n_0
    SLICE_X62Y8          FDRE                                         r  rnow/number4_reg[1]/D
  -------------------------------------------------------------------    -------------------

Slack:                    inf
  Source:                 rnow/t1_reg[13]/C
                            (rising edge-triggered cell FDRE)
  Destination:            rnow/number1_reg[0]/D
  Path Group:             (none)
  Path Type:              Max at Slow Process Corner
  Data Path Delay:        12.401ns  (logic 2.185ns (17.620%)  route 10.216ns (82.380%))
  Logic Levels:           10  (FDRE=1 LUT2=1 LUT3=1 LUT4=1 LUT6=6)

    Location             Delay type                Incr(ns)  Path(ns)    Netlist Resource(s)
  -------------------------------------------------------------------    -------------------
    SLICE_X59Y11         FDRE                         0.000     0.000 r  rnow/t1_reg[13]/C
    SLICE_X59Y11         FDRE (Prop_fdre_C_Q)         0.419     0.419 f  rnow/t1_reg[13]/Q
                         net (fo=6, routed)           0.843     1.262    rnow/t1[13]
    SLICE_X62Y11         LUT2 (Prop_lut2_I0_O)        0.296     1.558 f  rnow/shift_data2[47]_i_11/O
                         net (fo=1, routed)           0.824     2.381    rnow/shift_data2[47]_i_11_n_0
    SLICE_X59Y11         LUT6 (Prop_lut6_I5_O)        0.124     2.505 f  rnow/shift_data2[47]_i_9/O
                         net (fo=2, routed)           0.805     3.310    rnow/shift_data2[47]_i_9_n_0
    SLICE_X59Y12         LUT6 (Prop_lut6_I5_O)        0.124     3.434 r  rnow/shift_data2[47]_i_4/O
                         net (fo=153, routed)         2.783     6.217    rnow/shift_data2[47]_i_4_n_0
    SLICE_X55Y4          LUT3 (Prop_lut3_I1_O)        0.150     6.367 f  rnow/shift_data2[26]_i_2/O
                         net (fo=11, routed)          1.247     7.614    rnow/shift_data2[26]_i_2_n_0
    SLICE_X58Y5          LUT6 (Prop_lut6_I1_O)        0.326     7.940 f  rnow/shift_data2[28]_i_2/O
                         net (fo=3, routed)           1.246     9.186    rnow/shift_data2[28]_i_2_n_0
    SLICE_X56Y6          LUT4 (Prop_lut4_I3_O)        0.150     9.336 f  rnow/shift_data2[37]_i_10/O
                         net (fo=4, routed)           0.679    10.015    rnow/shift_data2[37]_i_10_n_0
    SLICE_X57Y7          LUT6 (Prop_lut6_I2_O)        0.348    10.363 f  rnow/shift_data2[37]_i_5/O
                         net (fo=5, routed)           0.978    11.341    rnow/shift_data2[37]_i_5_n_0
    SLICE_X61Y6          LUT6 (Prop_lut6_I3_O)        0.124    11.465 r  rnow/shift_data2[32]_i_1/O
                         net (fo=2, routed)           0.812    12.277    rnow/shift_data2[32]_i_1_n_0
    SLICE_X60Y7          LUT6 (Prop_lut6_I1_O)        0.124    12.401 r  rnow/number1[0]_i_1/O
                         net (fo=1, routed)           0.000    12.401    rnow/number1[0]_i_1_n_0
    SLICE_X60Y7          FDRE                                         r  rnow/number1_reg[0]/D
  -------------------------------------------------------------------    -------------------

Slack:                    inf
  Source:                 rnow/t1_reg[13]/C
                            (rising edge-triggered cell FDRE)
  Destination:            rnow/shift_data2_reg[27]/D
  Path Group:             (none)
  Path Type:              Max at Slow Process Corner
  Data Path Delay:        12.362ns  (logic 2.211ns (17.885%)  route 10.151ns (82.115%))
  Logic Levels:           10  (FDRE=1 LUT2=1 LUT3=1 LUT4=2 LUT5=1 LUT6=4)

    Location             Delay type                Incr(ns)  Path(ns)    Netlist Resource(s)
  -------------------------------------------------------------------    -------------------
    SLICE_X59Y11         FDRE                         0.000     0.000 r  rnow/t1_reg[13]/C
    SLICE_X59Y11         FDRE (Prop_fdre_C_Q)         0.419     0.419 r  rnow/t1_reg[13]/Q
                         net (fo=6, routed)           0.843     1.262    rnow/t1[13]
    SLICE_X62Y11         LUT2 (Prop_lut2_I0_O)        0.296     1.558 r  rnow/shift_data2[47]_i_11/O
                         net (fo=1, routed)           0.824     2.381    rnow/shift_data2[47]_i_11_n_0
    SLICE_X59Y11         LUT6 (Prop_lut6_I5_O)        0.124     2.505 r  rnow/shift_data2[47]_i_9/O
                         net (fo=2, routed)           0.805     3.310    rnow/shift_data2[47]_i_9_n_0
    SLICE_X59Y12         LUT6 (Prop_lut6_I5_O)        0.124     3.434 f  rnow/shift_data2[47]_i_4/O
                         net (fo=153, routed)         2.783     6.217    rnow/shift_data2[47]_i_4_n_0
    SLICE_X55Y4          LUT3 (Prop_lut3_I1_O)        0.150     6.367 r  rnow/shift_data2[26]_i_2/O
                         net (fo=11, routed)          1.247     7.614    rnow/shift_data2[26]_i_2_n_0
    SLICE_X58Y5          LUT6 (Prop_lut6_I1_O)        0.326     7.940 r  rnow/shift_data2[28]_i_2/O
                         net (fo=3, routed)           1.246     9.186    rnow/shift_data2[28]_i_2_n_0
    SLICE_X56Y6          LUT4 (Prop_lut4_I3_O)        0.150     9.336 r  rnow/shift_data2[37]_i_10/O
                         net (fo=4, routed)           0.679    10.015    rnow/shift_data2[37]_i_10_n_0
    SLICE_X57Y7          LUT6 (Prop_lut6_I2_O)        0.348    10.363 r  rnow/shift_data2[37]_i_5/O
                         net (fo=5, routed)           0.538    10.901    rnow/shift_data2[37]_i_5_n_0
    SLICE_X61Y7          LUT5 (Prop_lut5_I2_O)        0.124    11.025 f  rnow/shift_data2[46]_i_3/O
                         net (fo=12, routed)          1.188    12.212    rnow/shift_data2[46]_i_3_n_0
    SLICE_X56Y6          LUT4 (Prop_lut4_I3_O)        0.150    12.362 r  rnow/shift_data2[27]_i_1/O
                         net (fo=1, routed)           0.000    12.362    rnow/shift_data2[27]_i_1_n_0
    SLICE_X56Y6          FDRE                                         r  rnow/shift_data2_reg[27]/D
  -------------------------------------------------------------------    -------------------

Slack:                    inf
  Source:                 rnow/t1_reg[1]/C
                            (rising edge-triggered cell FDRE)
  Destination:            rnow/shift_data1_reg[45]/D
  Path Group:             (none)
  Path Type:              Max at Slow Process Corner
  Data Path Delay:        12.349ns  (logic 3.074ns (24.893%)  route 9.275ns (75.107%))
  Logic Levels:           15  (CARRY4=7 FDRE=1 LUT2=1 LUT4=1 LUT5=2 LUT6=3)

    Location             Delay type                Incr(ns)  Path(ns)    Netlist Resource(s)
  -------------------------------------------------------------------    -------------------
    SLICE_X59Y9          FDRE                         0.000     0.000 r  rnow/t1_reg[1]/C
    SLICE_X59Y9          FDRE (Prop_fdre_C_Q)         0.419     0.419 r  rnow/t1_reg[1]/Q
                         net (fo=75, routed)          0.655     1.074    rnow/t1[1]
    SLICE_X60Y9          CARRY4 (Prop_carry4_S[0]_CO[3])
                                                      0.812     1.886 r  rnow/t1_reg[1]_i_2/CO[3]
                         net (fo=1, routed)           0.000     1.886    rnow/t1_reg[1]_i_2_n_0
    SLICE_X60Y10         CARRY4 (Prop_carry4_CI_CO[3])
                                                      0.117     2.003 r  rnow/shift_data2_reg[38]_i_14/CO[3]
                         net (fo=1, routed)           0.000     2.003    rnow/shift_data2_reg[38]_i_14_n_0
    SLICE_X60Y11         CARRY4 (Prop_carry4_CI_CO[3])
                                                      0.117     2.120 r  rnow/shift_data2_reg[38]_i_12/CO[3]
                         net (fo=1, routed)           0.000     2.120    rnow/shift_data2_reg[38]_i_12_n_0
    SLICE_X60Y12         CARRY4 (Prop_carry4_CI_CO[3])
                                                      0.117     2.237 r  rnow/shift_data2_reg[38]_i_15/CO[3]
                         net (fo=1, routed)           0.000     2.237    rnow/shift_data2_reg[38]_i_15_n_0
    SLICE_X60Y13         CARRY4 (Prop_carry4_CI_CO[3])
                                                      0.117     2.354 r  rnow/shift_data2_reg[38]_i_18/CO[3]
                         net (fo=1, routed)           0.000     2.354    rnow/shift_data2_reg[38]_i_18_n_0
    SLICE_X60Y14         CARRY4 (Prop_carry4_CI_CO[3])
                                                      0.117     2.471 r  rnow/shift_data2_reg[38]_i_16/CO[3]
                         net (fo=1, routed)           0.000     2.471    rnow/shift_data2_reg[38]_i_16_n_0
    SLICE_X60Y15         CARRY4 (Prop_carry4_CI_O[0])
                                                      0.219     2.690 f  rnow/shift_data2_reg[38]_i_13/O[0]
                         net (fo=1, routed)           0.740     3.429    rnow/shift_data11[27]
    SLICE_X62Y12         LUT4 (Prop_lut4_I1_O)        0.295     3.724 f  rnow/shift_data2[38]_i_7/O
                         net (fo=1, routed)           0.763     4.488    rnow/shift_data2[38]_i_7_n_0
    SLICE_X62Y13         LUT6 (Prop_lut6_I1_O)        0.124     4.612 f  rnow/shift_data2[38]_i_4/O
                         net (fo=59, routed)          2.608     7.220    rnow/shift_data2[38]_i_4_n_0
    SLICE_X54Y5          LUT5 (Prop_lut5_I3_O)        0.124     7.344 r  rnow/shift_data1[25]_i_1/O
                         net (fo=2, routed)           0.829     8.172    rnow/shift_data1[25]_i_1_n_0
    SLICE_X56Y5          LUT6 (Prop_lut6_I5_O)        0.124     8.296 r  rnow/shift_data1[20]_i_10/O
                         net (fo=3, routed)           1.101     9.398    rnow/shift_data1[20]_i_10_n_0
    SLICE_X54Y3          LUT5 (Prop_lut5_I4_O)        0.124     9.522 r  rnow/shift_data1[46]_i_6/O
                         net (fo=2, routed)           1.013    10.535    rnow/shift_data1[46]_i_6_n_0
    SLICE_X56Y3          LUT6 (Prop_lut6_I1_O)        0.124    10.659 f  rnow/shift_data1[46]_i_3/O
                         net (fo=23, routed)          1.566    12.225    rnow/shift_data1[46]_i_3_n_0
    SLICE_X62Y4          LUT2 (Prop_lut2_I1_O)        0.124    12.349 r  rnow/shift_data1[45]_i_1/O
                         net (fo=1, routed)           0.000    12.349    rnow/shift_data1[45]_i_1_n_0
    SLICE_X62Y4          FDRE                                         r  rnow/shift_data1_reg[45]/D
  -------------------------------------------------------------------    -------------------

Slack:                    inf
  Source:                 rnow/t1_reg[1]/C
                            (rising edge-triggered cell FDRE)
  Destination:            rnow/number2_reg[1]/D
  Path Group:             (none)
  Path Type:              Max at Slow Process Corner
  Data Path Delay:        12.343ns  (logic 3.074ns (24.905%)  route 9.269ns (75.095%))
  Logic Levels:           15  (CARRY4=7 FDRE=1 LUT4=1 LUT5=2 LUT6=4)

    Location             Delay type                Incr(ns)  Path(ns)    Netlist Resource(s)
  -------------------------------------------------------------------    -------------------
    SLICE_X59Y9          FDRE                         0.000     0.000 r  rnow/t1_reg[1]/C
    SLICE_X59Y9          FDRE (Prop_fdre_C_Q)         0.419     0.419 r  rnow/t1_reg[1]/Q
                         net (fo=75, routed)          0.655     1.074    rnow/t1[1]
    SLICE_X60Y9          CARRY4 (Prop_carry4_S[0]_CO[3])
                                                      0.812     1.886 r  rnow/t1_reg[1]_i_2/CO[3]
                         net (fo=1, routed)           0.000     1.886    rnow/t1_reg[1]_i_2_n_0
    SLICE_X60Y10         CARRY4 (Prop_carry4_CI_CO[3])
                                                      0.117     2.003 r  rnow/shift_data2_reg[38]_i_14/CO[3]
                         net (fo=1, routed)           0.000     2.003    rnow/shift_data2_reg[38]_i_14_n_0
    SLICE_X60Y11         CARRY4 (Prop_carry4_CI_CO[3])
                                                      0.117     2.120 r  rnow/shift_data2_reg[38]_i_12/CO[3]
                         net (fo=1, routed)           0.000     2.120    rnow/shift_data2_reg[38]_i_12_n_0
    SLICE_X60Y12         CARRY4 (Prop_carry4_CI_CO[3])
                                                      0.117     2.237 r  rnow/shift_data2_reg[38]_i_15/CO[3]
                         net (fo=1, routed)           0.000     2.237    rnow/shift_data2_reg[38]_i_15_n_0
    SLICE_X60Y13         CARRY4 (Prop_carry4_CI_CO[3])
                                                      0.117     2.354 r  rnow/shift_data2_reg[38]_i_18/CO[3]
                         net (fo=1, routed)           0.000     2.354    rnow/shift_data2_reg[38]_i_18_n_0
    SLICE_X60Y14         CARRY4 (Prop_carry4_CI_CO[3])
                                                      0.117     2.471 r  rnow/shift_data2_reg[38]_i_16/CO[3]
                         net (fo=1, routed)           0.000     2.471    rnow/shift_data2_reg[38]_i_16_n_0
    SLICE_X60Y15         CARRY4 (Prop_carry4_CI_O[0])
                                                      0.219     2.690 r  rnow/shift_data2_reg[38]_i_13/O[0]
                         net (fo=1, routed)           0.740     3.429    rnow/shift_data11[27]
    SLICE_X62Y12         LUT4 (Prop_lut4_I1_O)        0.295     3.724 r  rnow/shift_data2[38]_i_7/O
                         net (fo=1, routed)           0.763     4.488    rnow/shift_data2[38]_i_7_n_0
    SLICE_X62Y13         LUT6 (Prop_lut6_I1_O)        0.124     4.612 r  rnow/shift_data2[38]_i_4/O
                         net (fo=59, routed)          2.608     7.220    rnow/shift_data2[38]_i_4_n_0
    SLICE_X54Y5          LUT5 (Prop_lut5_I3_O)        0.124     7.344 f  rnow/shift_data1[25]_i_1/O
                         net (fo=2, routed)           0.829     8.172    rnow/shift_data1[25]_i_1_n_0
    SLICE_X56Y5          LUT6 (Prop_lut6_I5_O)        0.124     8.296 f  rnow/shift_data1[20]_i_10/O
                         net (fo=3, routed)           1.101     9.398    rnow/shift_data1[20]_i_10_n_0
    SLICE_X54Y3          LUT5 (Prop_lut5_I4_O)        0.124     9.522 f  rnow/shift_data1[46]_i_6/O
                         net (fo=2, routed)           1.013    10.535    rnow/shift_data1[46]_i_6_n_0
    SLICE_X56Y3          LUT6 (Prop_lut6_I1_O)        0.124    10.659 r  rnow/shift_data1[46]_i_3/O
                         net (fo=23, routed)          1.561    12.219    rnow/shift_data1[46]_i_3_n_0
    SLICE_X60Y8          LUT6 (Prop_lut6_I4_O)        0.124    12.343 r  rnow/number2[1]_i_1/O
                         net (fo=1, routed)           0.000    12.343    rnow/number2[1]_i_1_n_0
    SLICE_X60Y8          FDRE                                         r  rnow/number2_reg[1]/D
  -------------------------------------------------------------------    -------------------





Min Delay Paths
--------------------------------------------------------------------------------------
Slack:                    inf
  Source:                 display_inst/CA_reg[4]/C
                            (rising edge-triggered cell FDSE)
  Destination:            display_inst/CCA_reg[4]/D
  Path Group:             (none)
  Path Type:              Min at Fast Process Corner
  Data Path Delay:        0.257ns  (logic 0.141ns (54.812%)  route 0.116ns (45.188%))
  Logic Levels:           1  (FDSE=1)

    Location             Delay type                Incr(ns)  Path(ns)    Netlist Resource(s)
  -------------------------------------------------------------------    -------------------
    SLICE_X65Y13         FDSE                         0.000     0.000 r  display_inst/CA_reg[4]/C
    SLICE_X65Y13         FDSE (Prop_fdse_C_Q)         0.141     0.141 r  display_inst/CA_reg[4]/Q
                         net (fo=1, routed)           0.116     0.257    display_inst/CA_reg_n_0_[4]
    SLICE_X65Y15         FDRE                                         r  display_inst/CCA_reg[4]/D
  -------------------------------------------------------------------    -------------------

Slack:                    inf
  Source:                 rnow/shift_data2_reg[22]/C
                            (rising edge-triggered cell FDRE)
  Destination:            rnow/shift_data2_reg[22]/D
  Path Group:             (none)
  Path Type:              Min at Fast Process Corner
  Data Path Delay:        0.300ns  (logic 0.186ns (61.957%)  route 0.114ns (38.043%))
  Logic Levels:           2  (FDRE=1 LUT6=1)

    Location             Delay type                Incr(ns)  Path(ns)    Netlist Resource(s)
  -------------------------------------------------------------------    -------------------
    SLICE_X55Y7          FDRE                         0.000     0.000 r  rnow/shift_data2_reg[22]/C
    SLICE_X55Y7          FDRE (Prop_fdre_C_Q)         0.141     0.141 r  rnow/shift_data2_reg[22]/Q
                         net (fo=2, routed)           0.114     0.255    rnow/shift_data2[22]
    SLICE_X55Y7          LUT6 (Prop_lut6_I0_O)        0.045     0.300 r  rnow/shift_data2[22]_i_1/O
                         net (fo=1, routed)           0.000     0.300    rnow/shift_data2[22]_i_1_n_0
    SLICE_X55Y7          FDRE                                         r  rnow/shift_data2_reg[22]/D
  -------------------------------------------------------------------    -------------------

Slack:                    inf
  Source:                 rnow/state_reg/C
                            (rising edge-triggered cell FDRE)
  Destination:            rnow/t1_reg[2]/D
  Path Group:             (none)
  Path Type:              Min at Fast Process Corner
  Data Path Delay:        0.319ns  (logic 0.186ns (58.263%)  route 0.133ns (41.737%))
  Logic Levels:           2  (FDRE=1 LUT4=1)

    Location             Delay type                Incr(ns)  Path(ns)    Netlist Resource(s)
  -------------------------------------------------------------------    -------------------
    SLICE_X63Y9          FDRE                         0.000     0.000 r  rnow/state_reg/C
    SLICE_X63Y9          FDRE (Prop_fdre_C_Q)         0.141     0.141 r  rnow/state_reg/Q
                         net (fo=35, routed)          0.133     0.274    rnow/state_reg_n_0
    SLICE_X62Y9          LUT4 (Prop_lut4_I2_O)        0.045     0.319 r  rnow/t1[2]_i_1/O
                         net (fo=1, routed)           0.000     0.319    rnow/t1[2]_i_1_n_0
    SLICE_X62Y9          FDRE                                         r  rnow/t1_reg[2]/D
  -------------------------------------------------------------------    -------------------

Slack:                    inf
  Source:                 rnow/state_reg/C
                            (rising edge-triggered cell FDRE)
  Destination:            rnow/t1_reg[3]/D
  Path Group:             (none)
  Path Type:              Min at Fast Process Corner
  Data Path Delay:        0.323ns  (logic 0.190ns (58.780%)  route 0.133ns (41.220%))
  Logic Levels:           2  (FDRE=1 LUT4=1)

    Location             Delay type                Incr(ns)  Path(ns)    Netlist Resource(s)
  -------------------------------------------------------------------    -------------------
    SLICE_X63Y9          FDRE                         0.000     0.000 r  rnow/state_reg/C
    SLICE_X63Y9          FDRE (Prop_fdre_C_Q)         0.141     0.141 r  rnow/state_reg/Q
                         net (fo=35, routed)          0.133     0.274    rnow/state_reg_n_0
    SLICE_X62Y9          LUT4 (Prop_lut4_I2_O)        0.049     0.323 r  rnow/t1[3]_i_1/O
                         net (fo=1, routed)           0.000     0.323    rnow/t1[3]_i_1_n_0
    SLICE_X62Y9          FDRE                                         r  rnow/t1_reg[3]/D
  -------------------------------------------------------------------    -------------------

Slack:                    inf
  Source:                 display_inst/CA_reg[5]/C
                            (rising edge-triggered cell FDSE)
  Destination:            display_inst/CCA_reg[5]/D
  Path Group:             (none)
  Path Type:              Min at Fast Process Corner
  Data Path Delay:        0.332ns  (logic 0.164ns (49.415%)  route 0.168ns (50.585%))
  Logic Levels:           1  (FDSE=1)

    Location             Delay type                Incr(ns)  Path(ns)    Netlist Resource(s)
  -------------------------------------------------------------------    -------------------
    SLICE_X64Y13         FDSE                         0.000     0.000 r  display_inst/CA_reg[5]/C
    SLICE_X64Y13         FDSE (Prop_fdse_C_Q)         0.164     0.164 r  display_inst/CA_reg[5]/Q
                         net (fo=1, routed)           0.168     0.332    display_inst/CA_reg_n_0_[5]
    SLICE_X65Y15         FDRE                                         r  display_inst/CCA_reg[5]/D
  -------------------------------------------------------------------    -------------------

Slack:                    inf
  Source:                 add/last_num_reg[2]/C
                            (rising edge-triggered cell FDRE)
  Destination:            add/last_num_reg[2]/D
  Path Group:             (none)
  Path Type:              Min at Fast Process Corner
  Data Path Delay:        0.332ns  (logic 0.186ns (55.944%)  route 0.146ns (44.056%))
  Logic Levels:           2  (FDRE=1 LUT6=1)

    Location             Delay type                Incr(ns)  Path(ns)    Netlist Resource(s)
  -------------------------------------------------------------------    -------------------
    SLICE_X0Y13          FDRE                         0.000     0.000 r  add/last_num_reg[2]/C
    SLICE_X0Y13          FDRE (Prop_fdre_C_Q)         0.141     0.141 r  add/last_num_reg[2]/Q
                         net (fo=10, routed)          0.146     0.287    add/last_num_reg[2]
    SLICE_X0Y13          LUT6 (Prop_lut6_I5_O)        0.045     0.332 r  add/last_num[2]_i_1/O
                         net (fo=1, routed)           0.000     0.332    add/p_0_in[2]
    SLICE_X0Y13          FDRE                                         r  add/last_num_reg[2]/D
  -------------------------------------------------------------------    -------------------

Slack:                    inf
  Source:                 rnow/shift_data1_reg[39]/C
                            (rising edge-triggered cell FDRE)
  Destination:            rnow/shift_data1_reg[39]/D
  Path Group:             (none)
  Path Type:              Min at Fast Process Corner
  Data Path Delay:        0.342ns  (logic 0.186ns (54.369%)  route 0.156ns (45.631%))
  Logic Levels:           2  (FDRE=1 LUT6=1)

    Location             Delay type                Incr(ns)  Path(ns)    Netlist Resource(s)
  -------------------------------------------------------------------    -------------------
    SLICE_X61Y2          FDRE                         0.000     0.000 r  rnow/shift_data1_reg[39]/C
    SLICE_X61Y2          FDRE (Prop_fdre_C_Q)         0.141     0.141 r  rnow/shift_data1_reg[39]/Q
                         net (fo=1, routed)           0.156     0.297    rnow/shift_data1_reg_n_0_[39]
    SLICE_X61Y2          LUT6 (Prop_lut6_I0_O)        0.045     0.342 r  rnow/shift_data1[39]_i_2/O
                         net (fo=5, routed)           0.000     0.342    rnow/shift_data1[39]_i_1_n_0
    SLICE_X61Y2          FDRE                                         r  rnow/shift_data1_reg[39]/D
  -------------------------------------------------------------------    -------------------

Slack:                    inf
  Source:                 rnow/shift_data1_reg[10]/C
                            (rising edge-triggered cell FDRE)
  Destination:            rnow/shift_data1_reg[10]/D
  Path Group:             (none)
  Path Type:              Min at Fast Process Corner
  Data Path Delay:        0.353ns  (logic 0.186ns (52.722%)  route 0.167ns (47.278%))
  Logic Levels:           2  (FDRE=1 LUT6=1)

    Location             Delay type                Incr(ns)  Path(ns)    Netlist Resource(s)
  -------------------------------------------------------------------    -------------------
    SLICE_X55Y6          FDRE                         0.000     0.000 r  rnow/shift_data1_reg[10]/C
    SLICE_X55Y6          FDRE (Prop_fdre_C_Q)         0.141     0.141 r  rnow/shift_data1_reg[10]/Q
                         net (fo=2, routed)           0.099     0.240    rnow/shift_data1_reg_n_0_[10]
    SLICE_X54Y6          LUT6 (Prop_lut6_I5_O)        0.045     0.285 r  rnow/shift_data1[10]_i_1/O
                         net (fo=2, routed)           0.068     0.353    rnow/shift_data1[10]_i_1_n_0
    SLICE_X55Y6          FDRE                                         r  rnow/shift_data1_reg[10]/D
  -------------------------------------------------------------------    -------------------

Slack:                    inf
  Source:                 rnow/shift_data1_reg[13]/C
                            (rising edge-triggered cell FDRE)
  Destination:            rnow/shift_data1_reg[13]/D
  Path Group:             (none)
  Path Type:              Min at Fast Process Corner
  Data Path Delay:        0.354ns  (logic 0.186ns (52.507%)  route 0.168ns (47.493%))
  Logic Levels:           2  (FDRE=1 LUT5=1)

    Location             Delay type                Incr(ns)  Path(ns)    Netlist Resource(s)
  -------------------------------------------------------------------    -------------------
    SLICE_X55Y4          FDRE                         0.000     0.000 r  rnow/shift_data1_reg[13]/C
    SLICE_X55Y4          FDRE (Prop_fdre_C_Q)         0.141     0.141 r  rnow/shift_data1_reg[13]/Q
                         net (fo=3, routed)           0.168     0.309    rnow/shift_data1_reg_n_0_[13]
    SLICE_X55Y4          LUT5 (Prop_lut5_I0_O)        0.045     0.354 r  rnow/shift_data1[13]_i_1/O
                         net (fo=1, routed)           0.000     0.354    rnow/shift_data1[13]_i_1_n_0
    SLICE_X55Y4          FDRE                                         r  rnow/shift_data1_reg[13]/D
  -------------------------------------------------------------------    -------------------

Slack:                    inf
  Source:                 rnow/shift_data2_reg[14]/C
                            (rising edge-triggered cell FDRE)
  Destination:            rnow/shift_data2_reg[14]/D
  Path Group:             (none)
  Path Type:              Min at Fast Process Corner
  Data Path Delay:        0.354ns  (logic 0.186ns (52.507%)  route 0.168ns (47.493%))
  Logic Levels:           2  (FDRE=1 LUT6=1)

    Location             Delay type                Incr(ns)  Path(ns)    Netlist Resource(s)
  -------------------------------------------------------------------    -------------------
    SLICE_X61Y3          FDRE                         0.000     0.000 r  rnow/shift_data2_reg[14]/C
    SLICE_X61Y3          FDRE (Prop_fdre_C_Q)         0.141     0.141 r  rnow/shift_data2_reg[14]/Q
                         net (fo=2, routed)           0.168     0.309    rnow/shift_data2[14]
    SLICE_X61Y3          LUT6 (Prop_lut6_I5_O)        0.045     0.354 r  rnow/shift_data2[14]_i_1/O
                         net (fo=1, routed)           0.000     0.354    rnow/shift_data2[14]_i_1_n_0
    SLICE_X61Y3          FDRE                                         r  rnow/shift_data2_reg[14]/D
  -------------------------------------------------------------------    -------------------





