Copyright 1986-2022 Xilinx, Inc. All Rights Reserved. Copyright 2022-2023 Advanced Micro Devices, Inc. All Rights Reserved.
---------------------------------------------------------------------------------------------------------------------------------------------
| Tool Version : Vivado v.2023.2 (win64) Build 4029153 Fri Oct 13 20:14:34 MDT 2023
| Date         : Fri Dec  6 11:10:03 2024
| Host         : LAPTOP-258I6CH0 running 64-bit major release  (build 9200)
| Command      : report_control_sets -verbose -file top_control_sets_placed.rpt
| Design       : top
| Device       : xc7a35t
---------------------------------------------------------------------------------------------------------------------------------------------

Control Set Information

Table of Contents
-----------------
1. Summary
2. Histogram
3. Flip-Flop Distribution
4. Detailed Control Set Information

1. Summary
----------

+----------------------------------------------------------+-------+
|                          Status                          | Count |
+----------------------------------------------------------+-------+
| Total control sets                                       |    12 |
|    Minimum number of control sets                        |    12 |
|    Addition due to synthesis replication                 |     0 |
|    Addition due to physical synthesis replication        |     0 |
| Unused register locations in slices containing registers |    40 |
+----------------------------------------------------------+-------+
* Control sets can be merged at opt_design using control_set_merge or merge_equivalent_drivers
** Run report_qor_suggestions for automated merging and remapping suggestions


2. Histogram
------------

+--------------------+-------+
|       Fanout       | Count |
+--------------------+-------+
| Total control sets |    12 |
| >= 0 to < 4        |     1 |
| >= 4 to < 6        |     6 |
| >= 6 to < 8        |     1 |
| >= 8 to < 10       |     0 |
| >= 10 to < 12      |     0 |
| >= 12 to < 14      |     0 |
| >= 14 to < 16      |     1 |
| >= 16              |     3 |
+--------------------+-------+
* Control sets can be remapped at either synth_design or opt_design


3. Flip-Flop Distribution
-------------------------

+--------------+-----------------------+------------------------+-----------------+--------------+
| Clock Enable | Synchronous Set/Reset | Asynchronous Set/Reset | Total Registers | Total Slices |
+--------------+-----------------------+------------------------+-----------------+--------------+
| No           | No                    | No                     |              54 |           18 |
| No           | No                    | Yes                    |               0 |            0 |
| No           | Yes                   | No                     |             107 |           55 |
| Yes          | No                    | No                     |              16 |           10 |
| Yes          | No                    | Yes                    |               0 |            0 |
| Yes          | Yes                   | No                     |              15 |            5 |
+--------------+-----------------------+------------------------+-----------------+--------------+


4. Detailed Control Set Information
-----------------------------------

+--------------------+-------------------------+------------------------------+------------------+----------------+--------------+
|    Clock Signal    |      Enable Signal      |       Set/Reset Signal       | Slice Load Count | Bel Load Count | Bels / Slice |
+--------------------+-------------------------+------------------------------+------------------+----------------+--------------+
|  clock_2hz_BUFG    |                         |                              |                1 |              1 |         1.00 |
|  clock_2hz_BUFG    | rnow/is1_i_2_n_0        | rnow/is1_i_1_n_0             |                1 |              4 |         4.00 |
|  clock_2hz_BUFG    | rnow/number3[3]_i_1_n_0 |                              |                2 |              4 |         2.00 |
|  clock_2hz_BUFG    | rnow/number4[3]_i_1_n_0 |                              |                3 |              4 |         1.33 |
|  clock_2hz_BUFG    | rnow/number1[3]_i_1_n_0 |                              |                3 |              4 |         1.33 |
|  clock_2hz_BUFG    | rnow/number2[3]_i_1_n_0 |                              |                2 |              4 |         2.00 |
|  clock_IBUF_BUFG   | add/overflow_i_2_n_0    | add/clear                    |                2 |              5 |         2.50 |
|  clock_IBUF_BUFG   | add/p_2_in              | rnow/last_num_reg[3]         |                2 |              6 |         3.00 |
|  clockseperate/CLK |                         |                              |                4 |             14 |         3.50 |
|  clock_2hz_BUFG    |                         | rnow/t1[30]_i_1_n_0          |               11 |             31 |         2.82 |
|  clock_IBUF_BUFG   |                         |                              |               13 |             39 |         3.00 |
|  clock_2hz_BUFG    |                         | rnow/shift_data2[47]_i_1_n_0 |               44 |             76 |         1.73 |
+--------------------+-------------------------+------------------------------+------------------+----------------+--------------+


